Archive member included to satisfy reference by file (symbol)

/opt/devkitpro/libogc/lib/wii/libfat.a(libfat.o)
                              main.o (fatInitDefault)
/opt/devkitpro/libogc/lib/wii/libfat.a(disc.o)
                              /opt/devkitpro/libogc/lib/wii/libfat.a(libfat.o) (_FAT_disc_interfaces)
/opt/devkitpro/libogc/lib/wii/libfat.a(fatfile.o)
                              /opt/devkitpro/libogc/lib/wii/libfat.a(libfat.o) (_FAT_open_r)
/opt/devkitpro/libogc/lib/wii/libfat.a(cache.o)
                              /opt/devkitpro/libogc/lib/wii/libfat.a(fatfile.o) (_FAT_cache_readSectors)
/opt/devkitpro/libogc/lib/wii/libfat.a(fatdir.o)
                              /opt/devkitpro/libogc/lib/wii/libfat.a(libfat.o) (_FAT_stat_r)
/opt/devkitpro/libogc/lib/wii/libfat.a(directory.o)
                              /opt/devkitpro/libogc/lib/wii/libfat.a(fatfile.o) (_FAT_directory_entryGetCluster)
/opt/devkitpro/libogc/lib/wii/libfat.a(partition.o)
                              /opt/devkitpro/libogc/lib/wii/libfat.a(fatfile.o) (_FAT_partition_getPartitionFromPath)
/opt/devkitpro/libogc/lib/wii/libfat.a(filetime.o)
                              /opt/devkitpro/libogc/lib/wii/libfat.a(fatfile.o) (_FAT_filetime_getTimeFromRTC)
/opt/devkitpro/libogc/lib/wii/libfat.a(file_allocation_table.o)
                              /opt/devkitpro/libogc/lib/wii/libfat.a(fatfile.o) (_FAT_fat_nextCluster)
/opt/devkitpro/libogc/lib/wii/libogc.a(console.o)
                              main.o (CON_InitEx)
/opt/devkitpro/libogc/lib/wii/libogc.a(lwp_threads.o)
                              main.o (__lwp_thread_stopmultitasking)
/opt/devkitpro/libogc/lib/wii/libogc.a(lwp_handler.o)
                              /opt/devkitpro/libogc/lib/wii/libogc.a(lwp_threads.o) (_cpu_context_save_fp)
/opt/devkitpro/libogc/lib/wii/libogc.a(lwp_stack.o)
                              /opt/devkitpro/libogc/lib/wii/libogc.a(lwp_threads.o) (__lwp_stack_allocate)
/opt/devkitpro/libogc/lib/wii/libogc.a(lwp_watchdog.o)
                              /opt/devkitpro/libogc/lib/wii/libogc.a(lwp_threads.o) (_wd_ticks_queue)
/opt/devkitpro/libogc/lib/wii/libogc.a(lwp_wkspace.o)
                              /opt/devkitpro/libogc/lib/wii/libogc.a(lwp_stack.o) (__wkspace_heap)
/opt/devkitpro/libogc/lib/wii/libogc.a(lwp_objmgr.o)
                              /opt/devkitpro/libogc/lib/wii/libogc.a(lwp_threads.o) (__lwp_objmgr_free)
/opt/devkitpro/libogc/lib/wii/libogc.a(lwp_heap.o)
                              /opt/devkitpro/libogc/lib/wii/libogc.a(lwp_wkspace.o) (__lwp_heap_init)
/opt/devkitpro/libogc/lib/wii/libogc.a(sys_state.o)
                              /opt/devkitpro/libogc/lib/wii/libogc.a(lwp_threads.o) (_sys_state_curr)
/opt/devkitpro/libogc/lib/wii/libogc.a(video.o)
                              /opt/devkitpro/libogc/lib/wii/libogc.a(console.o) (VIDEO_GetCurrentFramebuffer)
/opt/devkitpro/libogc/lib/wii/libogc.a(mutex.o)
                              /opt/devkitpro/libogc/lib/wii/libfat.a(partition.o) (LWP_MutexInit)
/opt/devkitpro/libogc/lib/wii/libogc.a(cache_asm.o)
                              main.o (DCFlushRange)
/opt/devkitpro/libogc/lib/wii/libogc.a(system.o)
                              main.o (SYS_ResetSystem)
/opt/devkitpro/libogc/lib/wii/libogc.a(cond.o)
                              /opt/devkitpro/libogc/lib/wii/libogc.a(system.o) (__lwp_cond_init)
/opt/devkitpro/libogc/lib/wii/libogc.a(decrementer.o)
                              /opt/devkitpro/libogc/lib/wii/libogc.a(system.o) (__decrementer_init)
/opt/devkitpro/libogc/lib/wii/libogc.a(message.o)
                              /opt/devkitpro/libogc/lib/wii/libogc.a(system.o) (__lwp_mqbox_init)
/opt/devkitpro/libogc/lib/wii/libogc.a(si.o)
                              /opt/devkitpro/libogc/lib/wii/libogc.a(video.o) (SI_RefreshSamplingRate)
/opt/devkitpro/libogc/lib/wii/libogc.a(ipc.o)
                              /opt/devkitpro/libogc/lib/wii/libogc.a(system.o) (__IPC_ClntInit)
/opt/devkitpro/libogc/lib/wii/libogc.a(ogc_crt0.o)
                              (_start)
/opt/devkitpro/libogc/lib/wii/libogc.a(console_font_8x16.o)
                              /opt/devkitpro/libogc/lib/wii/libogc.a(console.o) (console_font_8x16)
/opt/devkitpro/libogc/lib/wii/libogc.a(timesupp.o)
                              /opt/devkitpro/libogc/lib/wii/libogc.a(system.o) (gettick)
/opt/devkitpro/libogc/lib/wii/libogc.a(lock_supp.o)
                              /opt/devkitpro/libogc/lib/wii/libogc.a(system.o) (__libogc_lock_init)
/opt/devkitpro/libogc/lib/wii/libogc.a(newlibc.o)
                              /opt/devkitpro/libogc/lib/wii/libogc.a(lwp_threads.o) (__libc_create_hook)
/opt/devkitpro/libogc/lib/wii/libogc.a(usbgecko.o)
                              /opt/devkitpro/libogc/lib/wii/libogc.a(console.o) (usb_isgeckoalive)
/opt/devkitpro/libogc/lib/wii/libogc.a(sbrk.o)
                              /opt/devkitpro/libogc/lib/wii/libogc.a(system.o) (__libogc_sbrk_r)
[...]
Memory Configuration

Name             Origin             Length             Attributes
*default*        0x0000000000000000 0xffffffffffffffff

Linker script and memory map

                0x0000000000003400                . = 0x3400

.stub
 *(.stub)
                0x0000000080004000                . = 0x80004000

.init           0x0000000080004000      0x194
 *crt0.o(*.init)
 .init          0x0000000080004000      0x170 /opt/devkitpro/libogc/lib/wii/libogc.a(ogc_crt0.o)
                0x0000000080004000                _start
                0x0000000080004140                _memset
 *(.init)
 .init          0x0000000080004170        0xc /opt/devkitpro/devkitPPC/lib/gcc/powerpc-eabi/8.2.0/ecrti.o
                0x0000000080004170                __init
 .init          0x000000008000417c        0x4 /opt/devkitpro/devkitPPC/lib/gcc/powerpc-eabi/8.2.0/crtbegin.o
 .init          0x0000000080004180        0x4 /opt/devkitpro/devkitPPC/lib/gcc/powerpc-eabi/8.2.0/crtend.o
 .init          0x0000000080004184       0x10 /opt/devkitpro/devkitPPC/lib/gcc/powerpc-eabi/8.2.0/ecrtn.o

.rela.dyn       0x0000000080004194        0x0
 .rela.iplt     0x0000000080004194        0x0 /opt/devkitpro/libogc/lib/wii/libogc.a(lwp_threads.o)

.plt
 *(.plt)

.interp
 *(.interp)

.hash
 *(.hash)

.dynsym
 *(.dynsym)

.dynstr
 *(.dynstr)

.gnu.version
 *(.gnu.version)

.gnu.version_d
 *(.gnu.version_d)

.gnu.version_r
 *(.gnu.version_r)

.rel.init
 *(.rel.init)

.rela.init      0x0000000080004194        0x0
 *(.rela.init)
 .rela.init     0x0000000080004194        0x0 /opt/devkitpro/libogc/lib/wii/libogc.a(lwp_threads.o)

.rel.text
 *(.rel.text .rel.text.* .rel.gnu.linkonce.t.*)

.rela.text      0x0000000080004194        0x0
 *(.rela.text .rela.text.* .rela.gnu.linkonce.t.*)
 .rela.text.deregister_tm_clones
                0x0000000080004194        0x0 /opt/devkitpro/libogc/lib/wii/libogc.a(lwp_threads.o)
 .rela.text.register_tm_clones
                0x0000000080004194        0x0 /opt/devkitpro/libogc/lib/wii/libogc.a(lwp_threads.o)
 .rela.text.__do_global_dtors_aux
                0x0000000080004194        0x0 /opt/devkitpro/libogc/lib/wii/libogc.a(lwp_threads.o)
 .rela.text.frame_dummy
                0x0000000080004194        0x0 /opt/devkitpro/libogc/lib/wii/libogc.a(lwp_threads.o)
 .rela.text.__lwp_thread_tickle_timeslice
                0x0000000080004194        0x0 /opt/devkitpro/libogc/lib/wii/libogc.a(lwp_threads.o)
 .rela.text.__lwp_thread_setstate
                0x0000000080004194        0x0 /opt/devkitpro/libogc/lib/wii/libogc.a(lwp_threads.o)
 .rela.text.__lwp_thread_changepriority
                0x0000000080004194        0x0 /opt/devkitpro/libogc/lib/wii/libogc.a(lwp_threads.o)
 .rela.text.__lwp_thread_ready
                0x0000000080004194        0x0 /opt/devkitpro/libogc/lib/wii/libogc.a(lwp_threads.o)
 .rela.text.__lwp_thread_init
                0x0000000080004194        0x0 /opt/devkitpro/libogc/lib/wii/libogc.a(lwp_threads.o)
 .rela.text.__lwp_thread_close
                0x0000000080004194        0x0 /opt/devkitpro/libogc/lib/wii/libogc.a(lwp_threads.o)
 .rela.text.__lwp_thread_closeall
                0x0000000080004194        0x0 /opt/devkitpro/libogc/lib/wii/libogc.a(lwp_threads.o)
 .rela.text.__lwp_thread_startmultitasking
                0x0000000080004194        0x0 /opt/devkitpro/libogc/lib/wii/libogc.a(lwp_threads.o)
 .rela.text.__lwp_thread_stopmultitasking
                0x0000000080004194        0x0 /opt/devkitpro/libogc/lib/wii/libogc.a(lwp_threads.o)
 .rela.text.__lwp_thread_coreinit
                0x0000000080004194        0x0 /opt/devkitpro/libogc/lib/wii/libogc.a(lwp_threads.o)
 .rela.text.__lwp_stack_allocate
                0x0000000080004194        0x0 /opt/devkitpro/libogc/lib/wii/libogc.a(lwp_threads.o)
 .rela.text.__lwp_stack_free
                0x0000000080004194        0x0 /opt/devkitpro/libogc/lib/wii/libogc.a(lwp_threads.o)
 .rela.text.__lwp_watchdog_init
                0x0000000080004194        0x0 /opt/devkitpro/libogc/lib/wii/libogc.a(lwp_threads.o)
 .rela.text.__lwp_wd_tickle
                0x0000000080004194        0x0 /opt/devkitpro/libogc/lib/wii/libogc.a(lwp_threads.o)
 .rela.text.__lwp_wkspace_init
                0x0000000080004194        0x0 /opt/devkitpro/libogc/lib/wii/libogc.a(lwp_threads.o)
 .rela.text.__lwp_objmgr_initinfo
                0x0000000080004194        0x0 /opt/devkitpro/libogc/lib/wii/libogc.a(lwp_threads.o)
 .rela.text.__lwp_mutex_locksupp.constprop.8
                0x0000000080004194        0x0 /opt/devkitpro/libogc/lib/wii/libogc.a(lwp_threads.o)
 .rela.text.__lwp_mutex_init
                0x0000000080004194        0x0 /opt/devkitpro/libogc/lib/wii/libogc.a(lwp_threads.o)
 .rela.text.LWP_MutexInit
                0x0000000080004194        0x0 /opt/devkitpro/libogc/lib/wii/libogc.a(lwp_threads.o)
 .rela.text.LWP_MutexDestroy
                0x0000000080004194        0x0 /opt/devkitpro/libogc/lib/wii/libogc.a(lwp_threads.o)
 .rela.text.LWP_MutexUnlock
                0x0000000080004194        0x0 /opt/devkitpro/libogc/lib/wii/libogc.a(lwp_threads.o)
 .rela.text.__call_resetfuncs
                0x0000000080004194        0x0 /opt/devkitpro/libogc/lib/wii/libogc.a(lwp_threads.o)
 .rela.text.__unlocksram
                0x0000000080004194        0x0 /opt/devkitpro/libogc/lib/wii/libogc.a(lwp_threads.o)
 .rela.text.__sram_writecallback
                0x0000000080004194        0x0 /opt/devkitpro/libogc/lib/wii/libogc.a(lwp_threads.o)
 .rela.text.__sys_alarmhandler
                0x0000000080004194        0x0 /opt/devkitpro/libogc/lib/wii/libogc.a(lwp_threads.o)
 .rela.text.__sram_read.constprop.11
                0x0000000080004194        0x0 /opt/devkitpro/libogc/lib/wii/libogc.a(lwp_threads.o)
 .rela.text.SYS_Init
                0x0000000080004194        0x0 /opt/devkitpro/libogc/lib/wii/libogc.a(lwp_threads.o)
 .rela.text.SYS_SetAlarm
                0x0000000080004194        0x0 /opt/devkitpro/libogc/lib/wii/libogc.a(lwp_threads.o)
 .rela.text.SYS_RemoveAlarm
                0x0000000080004194        0x0 /opt/devkitpro/libogc/lib/wii/libogc.a(lwp_threads.o)
 .rela.text.SYS_CancelAlarm
                0x0000000080004194        0x0 /opt/devkitpro/libogc/lib/wii/libogc.a(lwp_threads.o)
 .rela.text.SYS_SetWirelessID
                0x0000000080004194        0x0 /opt/devkitpro/libogc/lib/wii/libogc.a(lwp_threads.o)
 .rela.text.SYS_GetWirelessID
                0x0000000080004194        0x0 /opt/devkitpro/libogc/lib/wii/libogc.a(lwp_threads.o)
 .rela.text.__lwp_cond_init
                0x0000000080004194        0x0 /opt/devkitpro/libogc/lib/wii/libogc.a(lwp_threads.o)
 .rela.text.c_decrementer_handler
                0x0000000080004194        0x0 /opt/devkitpro/libogc/lib/wii/libogc.a(lwp_threads.o)
 .rela.text.__lwp_mqbox_init
                0x0000000080004194        0x0 /opt/devkitpro/libogc/lib/wii/libogc.a(lwp_threads.o)
 .rela.text.__ios_ioctlvformat_parse
                0x0000000080004194        0x0 /opt/devkitpro/libogc/lib/wii/libogc.a(lwp_threads.o)
 .rela.text.__ioctlvfmtCB
                0x0000000080004194        0x0 /opt/devkitpro/libogc/lib/wii/libogc.a(lwp_threads.o)
 .rela.text.IOS_IoctlvFormat
                0x0000000080004194        0x0 /opt/devkitpro/libogc/lib/wii/libogc.a(lwp_threads.o)
 .rela.text.__libogc_nanosleep
                0x0000000080004194        0x0 /opt/devkitpro/libogc/lib/wii/libogc.a(lwp_threads.o)
 .rela.text.__libc_delete_hook
                0x0000000080004194        0x0 /opt/devkitpro/libogc/lib/wii/libogc.a(lwp_threads.o)
 .rela.text.__libc_init
                0x0000000080004194        0x0 /opt/devkitpro/libogc/lib/wii/libogc.a(lwp_threads.o)
 .rela.text.__CheckARGV
                0x0000000080004194        0x0 /opt/devkitpro/libogc/lib/wii/libogc.a(lwp_threads.o)
 .rela.text.__lwp_priority_init
                0x0000000080004194        0x0 /opt/devkitpro/libogc/lib/wii/libogc.a(lwp_threads.o)
 .rela.text.__lwp_threadqueue_enqueuefifo
                0x0000000080004194        0x0 /opt/devkitpro/libogc/lib/wii/libogc.a(lwp_threads.o)
 .rela.text.__lwp_threadqueue_dequeuefifo
                0x0000000080004194        0x0 /opt/devkitpro/libogc/lib/wii/libogc.a(lwp_threads.o)
 .rela.text.__lwp_threadqueue_enqueuepriority
                0x0000000080004194        0x0 /opt/devkitpro/libogc/lib/wii/libogc.a(lwp_threads.o)
 .rela.text.__lwp_threadqueue_dequeuepriority
                0x0000000080004194        0x0 /opt/devkitpro/libogc/lib/wii/libogc.a(lwp_threads.o)
 .rela.text.__lwp_threadqueue_enqueue
                0x0000000080004194        0x0 /opt/devkitpro/libogc/lib/wii/libogc.a(lwp_threads.o)
 .rela.text.__lwp_threadqueue_extractfifo
                0x0000000080004194        0x0 /opt/devkitpro/libogc/lib/wii/libogc.a(lwp_threads.o)
 .rela.text.__lwp_threadqueue_extractpriority
                0x0000000080004194        0x0 /opt/devkitpro/libogc/lib/wii/libogc.a(lwp_threads.o)
 .rela.text.__lwp_sysinit
                0x0000000080004194        0x0 /opt/devkitpro/libogc/lib/wii/libogc.a(lwp_threads.o)
 .rela.text.LWP_InitQueue
                0x0000000080004194        0x0 /opt/devkitpro/libogc/lib/wii/libogc.a(lwp_threads.o)
 .rela.text.LWP_CloseQueue
                0x0000000080004194        0x0 /opt/devkitpro/libogc/lib/wii/libogc.a(lwp_threads.o)
 .rela.text.LWP_ThreadSleep
                0x0000000080004194        0x0 /opt/devkitpro/libogc/lib/wii/libogc.a(lwp_threads.o)
 .rela.text.LWP_ThreadBroadcast
                0x0000000080004194        0x0 /opt/devkitpro/libogc/lib/wii/libogc.a(lwp_threads.o)
 .rela.text.LWP_ThreadSignal
                0x0000000080004194        0x0 /opt/devkitpro/libogc/lib/wii/libogc.a(lwp_threads.o)
 .rela.text.__exception_init
                0x0000000080004194        0x0 /opt/devkitpro/libogc/lib/wii/libogc.a(lwp_threads.o)
 .rela.text.__exception_close
                0x0000000080004194        0x0 /opt/devkitpro/libogc/lib/wii/libogc.a(lwp_threads.o)
 .rela.text.__irq_init
                0x0000000080004194        0x0 /opt/devkitpro/libogc/lib/wii/libogc.a(lwp_threads.o)
 .rela.text     0x0000000080004194        0x0 /opt/devkitpro/libogc/lib/wii/libogc.a(lwp_threads.o)
 .rela.text.__lwp_sema_init
                0x0000000080004194        0x0 /opt/devkitpro/libogc/lib/wii/libogc.a(lwp_threads.o)
 .rela.text.__GX_InitRevBits
                0x0000000080004194        0x0 /opt/devkitpro/libogc/lib/wii/libogc.a(lwp_threads.o)
 .rela.text.__GX_CleanGPFifo
                0x0000000080004194        0x0 /opt/devkitpro/libogc/lib/wii/libogc.a(lwp_threads.o)
 .rela.text.__SetSURegs
                0x0000000080004194        0x0 /opt/devkitpro/libogc/lib/wii/libogc.a(lwp_threads.o)
 .rela.text.__GX_Abort
                0x0000000080004194        0x0 /opt/devkitpro/libogc/lib/wii/libogc.a(lwp_threads.o)
 .rela.text.__GX_SetDirtyState
                0x0000000080004194        0x0 /opt/devkitpro/libogc/lib/wii/libogc.a(lwp_threads.o)
 .rela.text.GX_Flush
                0x0000000080004194        0x0 /opt/devkitpro/libogc/lib/wii/libogc.a(lwp_threads.o)
 .rela.text.GX_AbortFrame
                0x0000000080004194        0x0 /opt/devkitpro/libogc/lib/wii/libogc.a(lwp_threads.o)
 .rela.text.kprintf
                0x0000000080004194        0x0 /opt/devkitpro/libogc/lib/wii/libogc.a(lwp_threads.o)
 .rela.text.__card_sd_status
                0x0000000080004194        0x0 /opt/devkitpro/libogc/lib/wii/libogc.a(lwp_threads.o)
 .rela.text.__card_readcid
                0x0000000080004194        0x0 /opt/devkitpro/libogc/lib/wii/libogc.a(lwp_threads.o)
 .rela.text.__card_readcsd
                0x0000000080004194        0x0 /opt/devkitpro/libogc/lib/wii/libogc.a(lwp_threads.o)
 .rela.text.sdgecko_initIO
                0x0000000080004194        0x0 /opt/devkitpro/libogc/lib/wii/libogc.a(lwp_threads.o)

.rel.fini
 *(.rel.fini)

.rela.fini
 *(.rela.fini)

.rel.rodata
 *(.rel.rodata .rel.rodata.* .rel.gnu.linkonce.r.*)

.rela.rodata
 *(.rela.rodata .rela.rodata.* .rela.gnu.linkonce.r.*)

.rel.data
 *(.rel.data .rel.data.* .rel.gnu.linkonce.d.*)

.rela.data
 *(.rela.data .rela.data.* .rela.gnu.linkonce.d.*)

.rel.tdata
 *(.rel.tdata .rel.tdata.* .rel.gnu.linkonce.td.*)

.rela.tdata
 *(.rela.tdata .rela.tdata.* .rela.gnu.linkonce.td.*)

.rel.tbss
 *(.rel.tbss .rel.tbss.* .rel.gnu.linkonce.tb.*)

.rela.tbss
 *(.rela.tbss .rela.tbss.* .rela.gnu.linkonce.tb.*)

.rel.ctors
 *(.rel.ctors)

.rela.ctors
 *(.rela.ctors)

.rel.dtors
 *(.rel.dtors)

.rela.dtors
 *(.rela.dtors)

.rel.got
 *(.rel.got)

.rela.got
 *(.rela.got)

.rela.got1
 *(.rela.got1)

.rela.got2
 *(.rela.got2)

.rel.sdata
 *(.rel.sdata .rel.sdata.* .rel.gnu.linkonce.s.*)

.rela.sdata
 *(.rela.sdata .rela.sdata.* .rela.gnu.linkonce.s.*)

.rel.sbss
 *(.rel.sbss .rel.sbss.* .rel.gnu.linkonce.sb.*)

.rela.sbss
 *(.rela.sbss .rela.sbss.* .rel.gnu.linkonce.sb.*)

.rel.sdata2
 *(.rel.sdata2 .rel.sdata2.* .rel.gnu.linkonce.s2.*)

.rela.sdata2    0x0000000080004194        0x0
 *(.rela.sdata2 .rela.sdata2.* .rela.gnu.linkonce.s2.*)
 .rela.sdata2.__sys_inIPL
                0x0000000080004194        0x0 /opt/devkitpro/libogc/lib/wii/libogc.a(lwp_threads.o)

.rel.sbss2
 *(.rel.sbss2 .rel.sbss2.* .rel.gnu.linkonce.sb2.*)

.rela.sbss2
 *(.rela.sbss2 .rela.sbss2.* .rela.gnu.linkonce.sb2.*)

.rel.bss
 *(.rel.bss .rel.bss.* .rel.gnu.linkonce.b.*)

.rela.bss
 *(.rela.bss .rela.bss.* .rela.gnu.linkonce.b.*)

.rel.plt
 *(.rel.plt)

.rela.plt
 *(.rela.plt)

.text           0x00000000800041a0    0x348c0
 *(.text)
 .text          0x00000000800041a0      0x44c /opt/devkitpro/libogc/lib/wii/libogc.a(lwp_handler.o)
                0x00000000800041a0                _cpu_context_save_fp
                0x00000000800042e0                _cpu_context_restore_fp
                0x0000000080004420                _cpu_context_switch
                0x0000000080004500                _cpu_context_save
                0x0000000080004580                _cpu_context_restore
 .text          0x00000000800045ec      0x4f4 /opt/devkitpro/libogc/lib/wii/libogc.a(cache_asm.o)
                0x00000000800045ec                DCFlashInvalidate
                0x0000000080004600                DCEnable
                0x0000000080004614                DCDisable
                0x0000000080004628                DCFreeze
                0x000000008000463c                DCUnfreeze
                0x0000000080004650                DCTouchLoad
                0x0000000080004658                DCBlockZero
                0x0000000080004660                DCBlockStore
                0x0000000080004668                DCBlockFlush
                0x0000000080004670                DCBlockInvalidate
                0x0000000080004678                DCInvalidateRange
                0x00000000800046a8                DCFlushRange
                0x00000000800046dc                DCStoreRange
                0x0000000080004710                DCFlushRangeNoSync
                0x0000000080004740                DCStoreRangeNoSync
                0x0000000080004770                DCZeroRange
                0x00000000800047a0                DCTouchRange
                0x00000000800047d0                ICInvalidateRange
                0x0000000080004808                ICFlashInvalidate
                0x000000008000481c                ICEnable
                0x0000000080004830                ICDisable
                0x0000000080004844                ICFreeze
                0x0000000080004858                ICUnfreeze
                0x000000008000486c                ICBlockInvalidate
                0x0000000080004874                ICSync
                0x000000008000487c                L2Init
                0x00000000800048c4                L2Enable
                0x00000000800048e0                L2Disable
                0x00000000800048f8                L2GlobalInvalidate
                0x0000000080004950                __LCEnable
                0x0000000080004a1c                LCDisable
                0x0000000080004a44                LCAllocOneTag
                0x0000000080004a58                LCAllocTags
                0x0000000080004a98                LCLoadBlocks
                0x0000000080004abc                LCStoreBlocks
 .text          0x0000000080004ae0      0x1ac /opt/devkitpro/libogc/lib/wii/libogc.a(irq_handler.o)
                0x0000000080004ae0                irq_exceptionhandler
 .text          0x0000000080004c8c      0x118 /opt/devkitpro/libogc/lib/wii/libogc.a(video_asm.o)
                0x0000000080004c8c                __VIClearFramebuffer
 .text          0x0000000080004da4      0x4a0 /opt/devkitpro/libogc/lib/wii/libogc.a(system_asm.o)
                0x0000000080004da4                __realmode
                0x0000000080004dbc                __configBATS
                0x0000000080004eec                __InitFPRS
                0x0000000080005018                __InitPS
                0x0000000080005074                __InitCache
                0x00000000800050cc                __InitSystem
                0x0000000080005154                __flush_cache
                0x0000000080005188                __reset
                0x00000000800051f8                __InitBATS
                0x0000000080005214                SYS_SwitchFiber
 .text          0x0000000080005244      0x1ac /opt/devkitpro/libogc/lib/wii/libogc.a(decrementer_handler.o)
                0x0000000080005244                dec_exceptionhandler
 .text          0x00000000800053f0      0x35c /opt/devkitpro/libogc/lib/wii/libogc.a(exception_handler.o)
                0x00000000800053f0                exceptionhandler_start
                0x000000008000546c                exceptionhandler_patch
                0x00000000800054a0                exceptionhandler_end
                0x00000000800054a4                default_exceptionhandler
                0x00000000800055d4                fpu_exceptionhandler
                0x000000008000571c                systemcallhandler_start
                0x0000000080005748                systemcallhandler_end
 .text          0x000000008000574c       0x48 /opt/devkitpro/devkitPPC/lib/gcc/powerpc-eabi/8.2.0/libgcc.a(eabi.o)
                0x000000008000574c                __eabi
 .text          0x0000000080005794       0x58 /opt/devkitpro/devkitPPC/lib/gcc/powerpc-eabi/8.2.0/libgcc.a(crtresxgpr.o)
                0x0000000080005794                _restgpr_14_x
                0x0000000080005798                _restgpr_15_x
                0x000000008000579c                _restgpr_16_x
                0x00000000800057a0                _restgpr_17_x
                0x00000000800057a4                _restgpr_18_x
                0x00000000800057a8                _restgpr_19_x
                0x00000000800057ac                _restgpr_20_x
                0x00000000800057b0                _restgpr_21_x
                0x00000000800057b4                _restgpr_22_x
                0x00000000800057b8                _restgpr_23_x
                0x00000000800057bc                _restgpr_24_x
                0x00000000800057c0                _restgpr_25_x
                0x00000000800057c4                _restgpr_26_x
                0x00000000800057c8                _restgpr_27_x
                0x00000000800057cc                _restgpr_28_x
                0x00000000800057d0                _restgpr_29_x
                0x00000000800057d4                _restgpr_30_x
                0x00000000800057d8                _restgpr_31_x
 *(.text.*)
 .text.deregister_tm_clones
                0x00000000800057ec       0x30 /opt/devkitpro/devkitPPC/lib/gcc/powerpc-eabi/8.2.0/crtbegin.o
 .text.register_tm_clones
                0x000000008000581c       0x3c /opt/devkitpro/devkitPPC/lib/gcc/powerpc-eabi/8.2.0/crtbegin.o
 .text.__do_global_dtors_aux
                0x0000000080005858       0xd0 /opt/devkitpro/devkitPPC/lib/gcc/powerpc-eabi/8.2.0/crtbegin.o
 .text.frame_dummy
                0x0000000080005928       0x44 /opt/devkitpro/devkitPPC/lib/gcc/powerpc-eabi/8.2.0/crtbegin.o
 .text.__crtmain
                0x000000008000596c       0x44 /opt/devkitpro/devkitPPC/lib/gcc/powerpc-eabi/8.2.0/../../../../powerpc-eabi/lib/crtmain.o
                0x0000000080005970                __crtmain
 .text.main     0x00000000800059b0      0x210 main.o
                0x00000000800059b0                main
 .text.fatMount
                0x0000000080005bc0      0x118 /opt/devkitpro/libogc/lib/wii/libfat.a(libfat.o)
                0x0000000080005bc0                fatMount
 .text.fatInit  0x0000000080005cd8      0x198 /opt/devkitpro/libogc/lib/wii/libfat.a(libfat.o)
                0x0000000080005cd8                fatInit
 .text.fatInitDefault
                0x0000000080005e70        0xc /opt/devkitpro/libogc/lib/wii/libfat.a(libfat.o)
                0x0000000080005e70                fatInitDefault
 .text.get_io_wiisd
                0x0000000080005e7c        0xc /opt/devkitpro/libogc/lib/wii/libfat.a(disc.o)
 .text.get_io_usbstorage
                0x0000000080005e88        0xc /opt/devkitpro/libogc/lib/wii/libfat.a(disc.o)
 .text.get_io_gcsda
                0x0000000080005e94        0xc /opt/devkitpro/libogc/lib/wii/libfat.a(disc.o)
 .text.get_io_gcsdb
                0x0000000080005ea0        0xc /opt/devkitpro/libogc/lib/wii/libfat.a(disc.o)
 .text._FAT_fat_clusterToSector
                0x0000000080005eac       0x28 /opt/devkitpro/libogc/lib/wii/libfat.a(fatfile.o)
 .text._FAT_check_position_for_next_cluster.isra.6
                0x0000000080005ed4       0xe8 /opt/devkitpro/libogc/lib/wii/libfat.a(fatfile.o)
 .text._FAT_file_extend_r
                0x0000000080005fbc      0x28c /opt/devkitpro/libogc/lib/wii/libfat.a(fatfile.o)
 .text._FAT_open_r
                0x0000000080006248      0x3ac /opt/devkitpro/libogc/lib/wii/libfat.a(fatfile.o)
                0x0000000080006248                _FAT_open_r
 .text._FAT_syncToDisc
                0x00000000800065f4      0x12c /opt/devkitpro/libogc/lib/wii/libfat.a(fatfile.o)
                0x00000000800065f4                _FAT_syncToDisc
 .text._FAT_close_r
                0x0000000080006720       0xc4 /opt/devkitpro/libogc/lib/wii/libfat.a(fatfile.o)
                0x0000000080006720                _FAT_close_r
 .text._FAT_read_r
                0x00000000800067e4      0x3b4 /opt/devkitpro/libogc/lib/wii/libfat.a(fatfile.o)
                0x00000000800067e4                _FAT_read_r
 .text._FAT_write_r
                0x0000000080006b98      0x53c /opt/devkitpro/libogc/lib/wii/libfat.a(fatfile.o)
                0x0000000080006b98                _FAT_write_r
 .text._FAT_seek_r
                0x00000000800070d4      0x1e0 /opt/devkitpro/libogc/lib/wii/libfat.a(fatfile.o)
                0x00000000800070d4                _FAT_seek_r
 .text._FAT_fstat_r
                0x00000000800072b4       0xdc /opt/devkitpro/libogc/lib/wii/libfat.a(fatfile.o)
                0x00000000800072b4                _FAT_fstat_r
 .text._FAT_ftruncate_r
                0x0000000080007390      0x200 /opt/devkitpro/libogc/lib/wii/libfat.a(fatfile.o)
                0x0000000080007390                _FAT_ftruncate_r
 .text._FAT_fsync_r
                0x0000000080007590       0x70 /opt/devkitpro/libogc/lib/wii/libfat.a(fatfile.o)
                0x0000000080007590                _FAT_fsync_r
 .text._FAT_cache_getPage
                0x0000000080007600      0x158 /opt/devkitpro/libogc/lib/wii/libfat.a(cache.o)
 .text._FAT_cache_constructor
                0x0000000080007758       0xd8 /opt/devkitpro/libogc/lib/wii/libfat.a(cache.o)
                0x0000000080007758                _FAT_cache_constructor
 .text._FAT_cache_readSectors
                0x0000000080007830       0xa8 /opt/devkitpro/libogc/lib/wii/libfat.a(cache.o)
                0x0000000080007830                _FAT_cache_readSectors
 .text._FAT_cache_readPartialSector
                0x00000000800078d8       0x88 /opt/devkitpro/libogc/lib/wii/libfat.a(cache.o)
                0x00000000800078d8                _FAT_cache_readPartialSector
 .text._FAT_cache_readLittleEndianValue
                0x0000000080007960       0x74 /opt/devkitpro/libogc/lib/wii/libfat.a(cache.o)
                0x0000000080007960                _FAT_cache_readLittleEndianValue
 .text._FAT_cache_writePartialSector
                0x00000000800079d4       0x90 /opt/devkitpro/libogc/lib/wii/libfat.a(cache.o)
                0x00000000800079d4                _FAT_cache_writePartialSector
 .text._FAT_cache_writeLittleEndianValue
                0x0000000080007a64       0x6c /opt/devkitpro/libogc/lib/wii/libfat.a(cache.o)
                0x0000000080007a64                _FAT_cache_writeLittleEndianValue
 .text._FAT_cache_eraseWritePartialSector
                0x0000000080007ad0       0xa8 /opt/devkitpro/libogc/lib/wii/libfat.a(cache.o)
                0x0000000080007ad0                _FAT_cache_eraseWritePartialSector
 .text._FAT_cache_writeSectors
                0x0000000080007b78       0xb0 /opt/devkitpro/libogc/lib/wii/libfat.a(cache.o)
                0x0000000080007b78                _FAT_cache_writeSectors
 .text._FAT_cache_flush
                0x0000000080007c28       0x88 /opt/devkitpro/libogc/lib/wii/libfat.a(cache.o)
                0x0000000080007c28                _FAT_cache_flush
 .text._FAT_stat_r
                0x0000000080007cb0       0xc0 /opt/devkitpro/libogc/lib/wii/libfat.a(fatdir.o)
                0x0000000080007cb0                _FAT_stat_r
 .text._FAT_link_r
                0x0000000080007d70       0x10 /opt/devkitpro/libogc/lib/wii/libfat.a(fatdir.o)
                0x0000000080007d70                _FAT_link_r
 .text._FAT_unlink_r
                0x0000000080007d80      0x1b0 /opt/devkitpro/libogc/lib/wii/libfat.a(fatdir.o)
                0x0000000080007d80                _FAT_unlink_r
 .text._FAT_chdir_r
                0x0000000080007f30       0xa0 /opt/devkitpro/libogc/lib/wii/libfat.a(fatdir.o)
                0x0000000080007f30                _FAT_chdir_r
 .text._FAT_rename_r
                0x0000000080007fd0      0x240 /opt/devkitpro/libogc/lib/wii/libfat.a(fatdir.o)
                0x0000000080007fd0                _FAT_rename_r
 .text._FAT_mkdir_r
                0x0000000080008210      0x2d4 /opt/devkitpro/libogc/lib/wii/libfat.a(fatdir.o)
                0x0000000080008210                _FAT_mkdir_r
 .text._FAT_statvfs_r
                0x00000000800084e4       0xdc /opt/devkitpro/libogc/lib/wii/libfat.a(fatdir.o)
                0x00000000800084e4                _FAT_statvfs_r
 .text._FAT_diropen_r
                0x00000000800085c0      0x104 /opt/devkitpro/libogc/lib/wii/libfat.a(fatdir.o)
                0x00000000800085c0                _FAT_diropen_r
 .text._FAT_dirreset_r
                0x00000000800086c4       0x74 /opt/devkitpro/libogc/lib/wii/libfat.a(fatdir.o)
                0x00000000800086c4                _FAT_dirreset_r
 .text._FAT_dirnext_r
                0x0000000080008738       0xc4 /opt/devkitpro/libogc/lib/wii/libfat.a(fatdir.o)
                0x0000000080008738                _FAT_dirnext_r
 .text._FAT_dirclose_r
                0x00000000800087fc       0x40 /opt/devkitpro/libogc/lib/wii/libfat.a(fatdir.o)
                0x00000000800087fc                _FAT_dirclose_r
 .text.u8array_to_u16
                0x000000008000883c       0x18 /opt/devkitpro/libogc/lib/wii/libfat.a(directory.o)
 .text._FAT_directory_entryGetAlias
                0x0000000080008854      0x144 /opt/devkitpro/libogc/lib/wii/libfat.a(directory.o)
 .text._FAT_directory_mbsncasecmp
                0x0000000080008998       0xec /opt/devkitpro/libogc/lib/wii/libfat.a(directory.o)
 .text._FAT_fat_clusterToSector
                0x0000000080008a84       0x28 /opt/devkitpro/libogc/lib/wii/libfat.a(directory.o)
 .text._FAT_directory_incrementDirEntryPosition
                0x0000000080008aac       0xf8 /opt/devkitpro/libogc/lib/wii/libfat.a(directory.o)
 .text._FAT_directory_ucs2tombs.constprop.6
                0x0000000080008ba4       0xd8 /opt/devkitpro/libogc/lib/wii/libfat.a(directory.o)
 .text._FAT_directory_entryGetCluster
                0x0000000080008c7c       0x50 /opt/devkitpro/libogc/lib/wii/libfat.a(directory.o)
                0x0000000080008c7c                _FAT_directory_entryGetCluster
 .text._FAT_directory_getNextEntry
                0x0000000080008ccc      0x2a0 /opt/devkitpro/libogc/lib/wii/libfat.a(directory.o)
                0x0000000080008ccc                _FAT_directory_getNextEntry
 .text._FAT_directory_getFirstEntry
                0x0000000080008f6c       0x24 /opt/devkitpro/libogc/lib/wii/libfat.a(directory.o)
                0x0000000080008f6c                _FAT_directory_getFirstEntry
 .text._FAT_directory_entryExists
                0x0000000080008f90       0xc4 /opt/devkitpro/libogc/lib/wii/libfat.a(directory.o)
 .text._FAT_directory_getRootEntry
                0x0000000080009054       0xa0 /opt/devkitpro/libogc/lib/wii/libfat.a(directory.o)
                0x0000000080009054                _FAT_directory_getRootEntry
 .text._FAT_directory_entryFromPosition
                0x00000000800090f4      0x1c4 /opt/devkitpro/libogc/lib/wii/libfat.a(directory.o)
                0x00000000800090f4                _FAT_directory_entryFromPosition
 .text._FAT_directory_entryFromPath
                0x00000000800092b8      0x294 /opt/devkitpro/libogc/lib/wii/libfat.a(directory.o)
                0x00000000800092b8                _FAT_directory_entryFromPath
 .text._FAT_directory_removeEntry
                0x000000008000954c       0xf0 /opt/devkitpro/libogc/lib/wii/libfat.a(directory.o)
                0x000000008000954c                _FAT_directory_removeEntry
 .text._FAT_directory_addEntry
                0x000000008000963c      0x958 /opt/devkitpro/libogc/lib/wii/libfat.a(directory.o)
                0x000000008000963c                _FAT_directory_addEntry
 .text._FAT_directory_chdir
                0x0000000080009f94       0x5c /opt/devkitpro/libogc/lib/wii/libfat.a(directory.o)
                0x0000000080009f94                _FAT_directory_chdir
 .text._FAT_directory_entryStat
                0x0000000080009ff0      0x148 /opt/devkitpro/libogc/lib/wii/libfat.a(directory.o)
                0x0000000080009ff0                _FAT_directory_entryStat
 .text.u8array_to_u16
                0x000000008000a138       0x18 /opt/devkitpro/libogc/lib/wii/libfat.a(partition.o)
 .text.u8array_to_u32
                0x000000008000a150       0x30 /opt/devkitpro/libogc/lib/wii/libfat.a(partition.o)
 .text.u32_to_u8array
                0x000000008000a180       0x20 /opt/devkitpro/libogc/lib/wii/libfat.a(partition.o)
 .text.isValidMBR
                0x000000008000a1a0       0x7c /opt/devkitpro/libogc/lib/wii/libfat.a(partition.o)
 .text._FAT_updateFS_INFO
                0x000000008000a21c       0x70 /opt/devkitpro/libogc/lib/wii/libfat.a(partition.o)
 .text.FindFirstValidPartition_buf
                0x000000008000a28c      0x16c /opt/devkitpro/libogc/lib/wii/libfat.a(partition.o)
                0x000000008000a28c                FindFirstValidPartition_buf
 .text._FAT_partition_getPartitionFromPath
                0x000000008000a3f8       0x34 /opt/devkitpro/libogc/lib/wii/libfat.a(partition.o)
                0x000000008000a3f8                _FAT_partition_getPartitionFromPath
 .text._FAT_partition_createFSinfo
                0x000000008000a42c       0x9c /opt/devkitpro/libogc/lib/wii/libfat.a(partition.o)
                0x000000008000a42c                _FAT_partition_createFSinfo
 .text._FAT_partition_readFSinfo
                0x000000008000a4c8      0x11c /opt/devkitpro/libogc/lib/wii/libfat.a(partition.o)
                0x000000008000a4c8                _FAT_partition_readFSinfo
 .text._FAT_partition_constructor_buf
                0x000000008000a5e4      0x328 /opt/devkitpro/libogc/lib/wii/libfat.a(partition.o)
                0x000000008000a5e4                _FAT_partition_constructor_buf
 .text._FAT_partition_constructor
                0x000000008000a90c       0x6c /opt/devkitpro/libogc/lib/wii/libfat.a(partition.o)
                0x000000008000a90c                _FAT_partition_constructor
 .text._FAT_filetime_getTimeFromRTC
                0x000000008000a978       0x7c /opt/devkitpro/libogc/lib/wii/libfat.a(filetime.o)
                0x000000008000a978                _FAT_filetime_getTimeFromRTC
 .text._FAT_filetime_getDateFromRTC
                0x000000008000a9f4       0x7c /opt/devkitpro/libogc/lib/wii/libfat.a(filetime.o)
                0x000000008000a9f4                _FAT_filetime_getDateFromRTC
 .text._FAT_filetime_to_time_t
                0x000000008000aa70       0x64 /opt/devkitpro/libogc/lib/wii/libfat.a(filetime.o)
                0x000000008000aa70                _FAT_filetime_to_time_t
 .text._FAT_fat_writeFatEntry
                0x000000008000aad4      0x1b0 /opt/devkitpro/libogc/lib/wii/libfat.a(file_allocation_table.o)
 .text._FAT_fat_nextCluster
                0x000000008000ac84      0x190 /opt/devkitpro/libogc/lib/wii/libfat.a(file_allocation_table.o)
                0x000000008000ac84                _FAT_fat_nextCluster
 .text._FAT_fat_linkFreeCluster
                0x000000008000ae14       0xe4 /opt/devkitpro/libogc/lib/wii/libfat.a(file_allocation_table.o)
                0x000000008000ae14                _FAT_fat_linkFreeCluster
 .text._FAT_fat_linkFreeClusterCleared
                0x000000008000aef8       0xac /opt/devkitpro/libogc/lib/wii/libfat.a(file_allocation_table.o)
                0x000000008000aef8                _FAT_fat_linkFreeClusterCleared
 .text._FAT_fat_clearLinks
                0x000000008000afa4       0xbc /opt/devkitpro/libogc/lib/wii/libfat.a(file_allocation_table.o)
                0x000000008000afa4                _FAT_fat_clearLinks
 .text._FAT_fat_trimChain
                0x000000008000b060       0xb4 /opt/devkitpro/libogc/lib/wii/libfat.a(file_allocation_table.o)
                0x000000008000b060                _FAT_fat_trimChain
 .text._FAT_fat_lastCluster
                0x000000008000b114       0x68 /opt/devkitpro/libogc/lib/wii/libfat.a(file_allocation_table.o)
                0x000000008000b114                _FAT_fat_lastCluster
 .text._FAT_fat_freeClusterCount
                0x000000008000b17c       0x54 /opt/devkitpro/libogc/lib/wii/libfat.a(file_allocation_table.o)
                0x000000008000b17c                _FAT_fat_freeClusterCount
 .text.__console_clear_line
                0x000000008000b1d0       0x84 /opt/devkitpro/libogc/lib/wii/libogc.a(console.o)
 .text.__console_clear
                0x000000008000b254       0x54 /opt/devkitpro/libogc/lib/wii/libogc.a(console.o)
 .text.__console_vipostcb
                0x000000008000b2a8       0xbc /opt/devkitpro/libogc/lib/wii/libogc.a(console.o)
                0x000000008000b2a8                __console_vipostcb
 .text.__console_write
                0x000000008000b364      0x708 /opt/devkitpro/libogc/lib/wii/libogc.a(console.o)
                0x000000008000b364                __console_write
 .text.__console_init
                0x000000008000ba6c      0x108 /opt/devkitpro/libogc/lib/wii/libogc.a(console.o)
                0x000000008000ba6c                __console_init
 .text.__console_init_ex
                0x000000008000bb74      0x124 /opt/devkitpro/libogc/lib/wii/libogc.a(console.o)
                0x000000008000bb74                __console_init_ex
 .text.CON_InitEx
                0x000000008000bc98       0xb4 /opt/devkitpro/libogc/lib/wii/libogc.a(console.o)
                0x000000008000bc98                CON_InitEx
 .text.CON_EnableGecko
                0x000000008000bd4c      0x100 /opt/devkitpro/libogc/lib/wii/libogc.a(console.o)
                0x000000008000bd4c                CON_EnableGecko
 .text.__lwp_isr_in_progress
                0x000000008000be4c        0x8 /opt/devkitpro/libogc/lib/wii/libogc.a(lwp_threads.o)
                0x000000008000be4c                __lwp_isr_in_progress
 .text.__thread_dispatch_fp
                0x000000008000be54       0x88 /opt/devkitpro/libogc/lib/wii/libogc.a(lwp_threads.o)
                0x000000008000be54                __thread_dispatch_fp
 .text.__thread_dispatch
                0x000000008000bedc      0x110 /opt/devkitpro/libogc/lib/wii/libogc.a(lwp_threads.o)
                0x000000008000bedc                __thread_dispatch
 .text.__lwp_thread_resettimeslice
                0x000000008000bfec       0xec /opt/devkitpro/libogc/lib/wii/libogc.a(lwp_threads.o)
                0x000000008000bfec                __lwp_thread_resettimeslice
 .text.__lwp_thread_tickle_timeslice
                0x000000008000c0d8       0xcc /opt/devkitpro/libogc/lib/wii/libogc.a(lwp_threads.o)
                0x000000008000c0d8                __lwp_thread_tickle_timeslice
 .text.__lwp_thread_setstate
                0x000000008000c1a4      0x178 /opt/devkitpro/libogc/lib/wii/libogc.a(lwp_threads.o)
                0x000000008000c1a4                __lwp_thread_setstate
 .text.__lwp_thread_clearstate
                0x000000008000c31c       0xe4 /opt/devkitpro/libogc/lib/wii/libogc.a(lwp_threads.o)
                0x000000008000c31c                __lwp_thread_clearstate
 .text.__lwp_thread_delayended
                0x000000008000c400       0x48 /opt/devkitpro/libogc/lib/wii/libogc.a(lwp_threads.o)
                0x000000008000c400                __lwp_thread_delayended
 .text.__lwp_thread_settransient
                0x000000008000c448       0xb4 /opt/devkitpro/libogc/lib/wii/libogc.a(lwp_threads.o)
                0x000000008000c448                __lwp_thread_settransient
 .text.__lwp_thread_changepriority
                0x000000008000c4fc      0x1f8 /opt/devkitpro/libogc/lib/wii/libogc.a(lwp_threads.o)
                0x000000008000c4fc                __lwp_thread_changepriority
 .text.__lwp_thread_ready
                0x000000008000c6f4       0xf4 /opt/devkitpro/libogc/lib/wii/libogc.a(lwp_threads.o)
                0x000000008000c6f4                __lwp_thread_ready
 .text.__lwp_thread_init
                0x000000008000c7e8      0x180 /opt/devkitpro/libogc/lib/wii/libogc.a(lwp_threads.o)
                0x000000008000c7e8                __lwp_thread_init
 .text.__lwp_thread_close
                0x000000008000c968      0x130 /opt/devkitpro/libogc/lib/wii/libogc.a(lwp_threads.o)
                0x000000008000c968                __lwp_thread_close
 .text.__lwp_thread_closeall
                0x000000008000ca98       0xb8 /opt/devkitpro/libogc/lib/wii/libogc.a(lwp_threads.o)
                0x000000008000ca98                __lwp_thread_closeall
 .text.__lwp_thread_exit
                0x000000008000cb50       0x5c /opt/devkitpro/libogc/lib/wii/libogc.a(lwp_threads.o)
                0x000000008000cb50                __lwp_thread_exit
 .text.__lwp_thread_handler
                0x000000008000cbac       0xb4 /opt/devkitpro/libogc/lib/wii/libogc.a(lwp_threads.o)
 .text.__lwp_thread_start
                0x000000008000cc60       0xd4 /opt/devkitpro/libogc/lib/wii/libogc.a(lwp_threads.o)
                0x000000008000cc60                __lwp_thread_start
 .text.__lwp_thread_startmultitasking
                0x000000008000cd34       0xb0 /opt/devkitpro/libogc/lib/wii/libogc.a(lwp_threads.o)
                0x000000008000cd34                __lwp_thread_startmultitasking
 .text.__lwp_thread_stopmultitasking
                0x000000008000cde4       0x58 /opt/devkitpro/libogc/lib/wii/libogc.a(lwp_threads.o)
                0x000000008000cde4                __lwp_thread_stopmultitasking
 .text.__lwp_thread_coreinit
                0x000000008000ce3c       0xb0 /opt/devkitpro/libogc/lib/wii/libogc.a(lwp_threads.o)
                0x000000008000ce3c                __lwp_thread_coreinit
 .text.__lwp_stack_allocate
                0x000000008000ceec       0x60 /opt/devkitpro/libogc/lib/wii/libogc.a(lwp_stack.o)
                0x000000008000ceec                __lwp_stack_allocate
 .text.__lwp_stack_free
                0x000000008000cf4c       0x1c /opt/devkitpro/libogc/lib/wii/libogc.a(lwp_stack.o)
                0x000000008000cf4c                __lwp_stack_free
 .text.__lwp_wd_settimer.isra.4
                0x000000008000cf68       0xd8 /opt/devkitpro/libogc/lib/wii/libogc.a(lwp_watchdog.o)
 .text.__lwp_watchdog_init
                0x000000008000d040       0x2c /opt/devkitpro/libogc/lib/wii/libogc.a(lwp_watchdog.o)
                0x000000008000d040                __lwp_watchdog_init
 .text.__lwp_wd_insert
                0x000000008000d06c      0x1e4 /opt/devkitpro/libogc/lib/wii/libogc.a(lwp_watchdog.o)
                0x000000008000d06c                __lwp_wd_insert
 .text.__lwp_wd_remove
                0x000000008000d250      0x144 /opt/devkitpro/libogc/lib/wii/libogc.a(lwp_watchdog.o)
                0x000000008000d250                __lwp_wd_remove
 .text.__lwp_wd_tickle
                0x000000008000d394      0x120 /opt/devkitpro/libogc/lib/wii/libogc.a(lwp_watchdog.o)
                0x000000008000d394                __lwp_wd_tickle
 .text.__lwp_wkspace_init
                0x000000008000d4b4       0xc4 /opt/devkitpro/libogc/lib/wii/libogc.a(lwp_wkspace.o)
                0x000000008000d4b4                __lwp_wkspace_init
 .text.__lwp_objmgr_initinfo
                0x000000008000d578      0x1a4 /opt/devkitpro/libogc/lib/wii/libogc.a(lwp_objmgr.o)
                0x000000008000d578                __lwp_objmgr_initinfo
 .text.__lwp_objmgr_getisrdisable
                0x000000008000d71c       0x60 /opt/devkitpro/libogc/lib/wii/libogc.a(lwp_objmgr.o)
                0x000000008000d71c                __lwp_objmgr_getisrdisable
 .text.__lwp_objmgr_getnoprotection
                0x000000008000d77c       0x24 /opt/devkitpro/libogc/lib/wii/libogc.a(lwp_objmgr.o)
                0x000000008000d77c                __lwp_objmgr_getnoprotection
 .text.__lwp_objmgr_get
                0x000000008000d7a0       0x70 /opt/devkitpro/libogc/lib/wii/libogc.a(lwp_objmgr.o)
                0x000000008000d7a0                __lwp_objmgr_get
 .text.__lwp_objmgr_allocate
                0x000000008000d810       0x88 /opt/devkitpro/libogc/lib/wii/libogc.a(lwp_objmgr.o)
                0x000000008000d810                __lwp_objmgr_allocate
 .text.__lwp_objmgr_free
                0x000000008000d898       0x60 /opt/devkitpro/libogc/lib/wii/libogc.a(lwp_objmgr.o)
                0x000000008000d898                __lwp_objmgr_free
 .text.__lwp_heap_init
                0x000000008000d8f8       0xa4 /opt/devkitpro/libogc/lib/wii/libogc.a(lwp_heap.o)
                0x000000008000d8f8                __lwp_heap_init
 .text.__lwp_heap_allocate
                0x000000008000d99c      0x16c /opt/devkitpro/libogc/lib/wii/libogc.a(lwp_heap.o)
                0x000000008000d99c                __lwp_heap_allocate
 .text.__lwp_heap_free
                0x000000008000db08      0x188 /opt/devkitpro/libogc/lib/wii/libogc.a(lwp_heap.o)
                0x000000008000db08                __lwp_heap_free
 .text.__VISendI2CData.constprop.2
                0x000000008000dc90      0x420 /opt/devkitpro/libogc/lib/wii/libogc.a(video.o)
 .text.__VIWriteI2CRegister16
                0x000000008000e0b0       0x38 /opt/devkitpro/libogc/lib/wii/libogc.a(video.o)
 .text.__VIWriteI2CRegister8
                0x000000008000e0e8       0x38 /opt/devkitpro/libogc/lib/wii/libogc.a(video.o)
 .text.__VISetYUVSEL
                0x000000008000e120       0x68 /opt/devkitpro/libogc/lib/wii/libogc.a(video.o)
 .text.VIDEO_GetCurrentFramebuffer
                0x000000008000e188        0x8 /opt/devkitpro/libogc/lib/wii/libogc.a(video.o)
                0x000000008000e188                VIDEO_GetCurrentFramebuffer
 .text.VIDEO_Configure
                0x000000008000e190      0x7c8 /opt/devkitpro/libogc/lib/wii/libogc.a(video.o)
                0x000000008000e190                VIDEO_Configure
 .text.VIDEO_WaitVSync
                0x000000008000e958       0x74 /opt/devkitpro/libogc/lib/wii/libogc.a(video.o)
                0x000000008000e958                VIDEO_WaitVSync
 .text.VIDEO_SetFramebuffer
                0x000000008000e9cc      0x23c /opt/devkitpro/libogc/lib/wii/libogc.a(video.o)
                0x000000008000e9cc                VIDEO_SetFramebuffer
 .text.VIDEO_SetNextFramebuffer
                0x000000008000ec08      0x1b4 /opt/devkitpro/libogc/lib/wii/libogc.a(video.o)
                0x000000008000ec08                VIDEO_SetNextFramebuffer
 .text.VIDEO_Flush
                0x000000008000edbc      0x134 /opt/devkitpro/libogc/lib/wii/libogc.a(video.o)
                0x000000008000edbc                VIDEO_Flush
 .text.VIDEO_SetBlack
                0x000000008000eef0      0x144 /opt/devkitpro/libogc/lib/wii/libogc.a(video.o)
                0x000000008000eef0                VIDEO_SetBlack
 .text.VIDEO_GetCurrentTvMode
                0x000000008000f034       0x78 /opt/devkitpro/libogc/lib/wii/libogc.a(video.o)
                0x000000008000f034                VIDEO_GetCurrentTvMode
 .text.__VIRetraceHandler
                0x000000008000f0ac      0x294 /opt/devkitpro/libogc/lib/wii/libogc.a(video.o)
 .text.__VISetupEncoder
                0x000000008000f340      0x1fc /opt/devkitpro/libogc/lib/wii/libogc.a(video.o)
 .text.VIDEO_Init
                0x000000008000f53c      0x4e0 /opt/devkitpro/libogc/lib/wii/libogc.a(video.o)
                0x000000008000f53c                VIDEO_Init
 .text.VIDEO_GetPreferredMode
                0x000000008000fa1c      0x100 /opt/devkitpro/libogc/lib/wii/libogc.a(video.o)
                0x000000008000fa1c                VIDEO_GetPreferredMode
 .text.VIDEO_GetCurrentLine
                0x000000008000fb1c       0x9c /opt/devkitpro/libogc/lib/wii/libogc.a(video.o)
                0x000000008000fb1c                VIDEO_GetCurrentLine
 .text.VIDEO_SetPostRetraceCallback
                0x000000008000fbb8       0x40 /opt/devkitpro/libogc/lib/wii/libogc.a(video.o)
                0x000000008000fbb8                VIDEO_SetPostRetraceCallback
 .text.VIDEO_GetFrameBufferSize
                0x000000008000fbf8       0x30 /opt/devkitpro/libogc/lib/wii/libogc.a(video.o)
                0x000000008000fbf8                VIDEO_GetFrameBufferSize
 .text.VIDEO_ClearFrameBuffer
                0x000000008000fc28       0x34 /opt/devkitpro/libogc/lib/wii/libogc.a(video.o)
                0x000000008000fc28                VIDEO_ClearFrameBuffer
 .text.__lwp_mutex_locksupp.constprop.8
                0x000000008000fc5c      0x294 /opt/devkitpro/libogc/lib/wii/libogc.a(mutex.o)
 .text.__lwp_mutex_init
                0x000000008000fef0       0x14 /opt/devkitpro/libogc/lib/wii/libogc.a(mutex.o)
                0x000000008000fef0                __lwp_mutex_init
 .text.LWP_MutexInit
                0x000000008000ff04       0xe4 /opt/devkitpro/libogc/lib/wii/libogc.a(mutex.o)
                0x000000008000ff04                LWP_MutexInit
 .text.LWP_MutexDestroy
                0x000000008000ffe8       0xf0 /opt/devkitpro/libogc/lib/wii/libogc.a(mutex.o)
                0x000000008000ffe8                LWP_MutexDestroy
 .text.LWP_MutexLock
                0x00000000800100d8        0x8 /opt/devkitpro/libogc/lib/wii/libogc.a(mutex.o)
                0x00000000800100d8                LWP_MutexLock
 .text.LWP_MutexUnlock
                0x00000000800100e0       0x9c /opt/devkitpro/libogc/lib/wii/libogc.a(mutex.o)
                0x00000000800100e0                LWP_MutexUnlock
 .text.__call_resetfuncs
                0x000000008001017c       0xbc /opt/devkitpro/libogc/lib/wii/libogc.a(system.o)
 .text.__MEMInterruptHandler
                0x0000000080010238       0x14 /opt/devkitpro/libogc/lib/wii/libogc.a(system.o)
 .text.__RSWDefaultHandler
                0x000000008001024c        0x4 /opt/devkitpro/libogc/lib/wii/libogc.a(system.o)
 .text.__POWDefaultHandler
                0x0000000080010250        0x4 /opt/devkitpro/libogc/lib/wii/libogc.a(system.o)
 .text.__getrtc
                0x0000000080010254      0x164 /opt/devkitpro/libogc/lib/wii/libogc.a(system.o)
 .text.__sram_write
                0x00000000800103b8      0x128 /opt/devkitpro/libogc/lib/wii/libogc.a(system.o)
 .text.__unlocksram
                0x00000000800104e0      0x17c /opt/devkitpro/libogc/lib/wii/libogc.a(system.o)
 .text.__sram_writecallback
                0x000000008001065c       0x54 /opt/devkitpro/libogc/lib/wii/libogc.a(system.o)
 .text.__mem_onreset
                0x00000000800106b0       0x48 /opt/devkitpro/libogc/lib/wii/libogc.a(system.o)
 .text.__sys_alarmhandler
                0x00000000800106f8       0xf0 /opt/devkitpro/libogc/lib/wii/libogc.a(system.o)
 .text.__STMEventHandler
                0x00000000800107e8      0x104 /opt/devkitpro/libogc/lib/wii/libogc.a(system.o)
 .text.__sram_read.constprop.11
                0x00000000800108ec      0x140 /opt/devkitpro/libogc/lib/wii/libogc.a(system.o)
 .text.__SYS_GetRTC
                0x0000000080010a2c       0xd0 /opt/devkitpro/libogc/lib/wii/libogc.a(system.o)
                0x0000000080010a2c                __SYS_GetRTC
 .text.__SYS_GetIPCBufferLo
                0x0000000080010afc        0x8 /opt/devkitpro/libogc/lib/wii/libogc.a(system.o)
                0x0000000080010afc                __SYS_GetIPCBufferLo
 .text.__SYS_GetIPCBufferHi
                0x0000000080010b04        0x8 /opt/devkitpro/libogc/lib/wii/libogc.a(system.o)
                0x0000000080010b04                __SYS_GetIPCBufferHi
 .text.__SYS_PreInit
                0x0000000080010b0c        0x4 /opt/devkitpro/libogc/lib/wii/libogc.a(system.o)
                0x0000000080010b0c                __SYS_PreInit
 .text.SYS_ResetButtonDown
                0x0000000080010b10       0x18 /opt/devkitpro/libogc/lib/wii/libogc.a(system.o)
                0x0000000080010b10                SYS_ResetButtonDown
 .text.SYS_ResetSystem
                0x0000000080010b28      0x214 /opt/devkitpro/libogc/lib/wii/libogc.a(system.o)
                0x0000000080010b28                SYS_ResetSystem
 .text.__reload
                0x0000000080010d3c       0x80 /opt/devkitpro/libogc/lib/wii/libogc.a(system.o)
                0x0000000080010d3c                __reload
 .text.__libogc_exit
                0x0000000080010dbc       0x88 /opt/devkitpro/libogc/lib/wii/libogc.a(system.o)
                0x0000000080010dbc                __libogc_exit
 .text.SYS_RegisterResetFunc
                0x0000000080010e44       0x78 /opt/devkitpro/libogc/lib/wii/libogc.a(system.o)
                0x0000000080010e44                SYS_RegisterResetFunc
 .text.SYS_Init
                0x0000000080010ebc      0x69c /opt/devkitpro/libogc/lib/wii/libogc.a(system.o)
                0x0000000080010ebc                SYS_Init
 .text.SYS_SetArena1Lo
                0x0000000080011558       0x38 /opt/devkitpro/libogc/lib/wii/libogc.a(system.o)
                0x0000000080011558                SYS_SetArena1Lo
 .text.SYS_GetArena1Lo
                0x0000000080011590       0x38 /opt/devkitpro/libogc/lib/wii/libogc.a(system.o)
                0x0000000080011590                SYS_GetArena1Lo
 .text.SYS_GetArena1Hi
                0x00000000800115c8       0x38 /opt/devkitpro/libogc/lib/wii/libogc.a(system.o)
                0x00000000800115c8                SYS_GetArena1Hi
 .text.SYS_SetArena2Lo
                0x0000000080011600       0x38 /opt/devkitpro/libogc/lib/wii/libogc.a(system.o)
                0x0000000080011600                SYS_SetArena2Lo
 .text.SYS_GetArena2Lo
                0x0000000080011638       0x38 /opt/devkitpro/libogc/lib/wii/libogc.a(system.o)
                0x0000000080011638                SYS_GetArena2Lo
 .text.SYS_SetArena2Hi
                0x0000000080011670       0x38 /opt/devkitpro/libogc/lib/wii/libogc.a(system.o)
                0x0000000080011670                SYS_SetArena2Hi
 .text.SYS_GetArena2Hi
                0x00000000800116a8       0x38 /opt/devkitpro/libogc/lib/wii/libogc.a(system.o)
                0x00000000800116a8                SYS_GetArena2Hi
 .text.SYS_AllocateFramebuffer
                0x00000000800116e0       0x28 /opt/devkitpro/libogc/lib/wii/libogc.a(system.o)
                0x00000000800116e0                SYS_AllocateFramebuffer
 .text.SYS_CreateAlarm
                0x0000000080011708      0x120 /opt/devkitpro/libogc/lib/wii/libogc.a(system.o)
                0x0000000080011708                SYS_CreateAlarm
 .text.SYS_SetAlarm
                0x0000000080011828      0x1d0 /opt/devkitpro/libogc/lib/wii/libogc.a(system.o)
                0x0000000080011828                SYS_SetAlarm
 .text.SYS_RemoveAlarm
                0x00000000800119f8      0x128 /opt/devkitpro/libogc/lib/wii/libogc.a(system.o)
                0x00000000800119f8                SYS_RemoveAlarm
 .text.SYS_CancelAlarm
                0x0000000080011b20       0xd0 /opt/devkitpro/libogc/lib/wii/libogc.a(system.o)
                0x0000000080011b20                SYS_CancelAlarm
 .text.SYS_SetWirelessID
                0x0000000080011bf0       0x94 /opt/devkitpro/libogc/lib/wii/libogc.a(system.o)
                0x0000000080011bf0                SYS_SetWirelessID
 .text.SYS_GetWirelessID
                0x0000000080011c84       0xa0 /opt/devkitpro/libogc/lib/wii/libogc.a(system.o)
                0x0000000080011c84                SYS_GetWirelessID
 .text.SYS_GetHollywoodRevision
                0x0000000080011d24       0x3c /opt/devkitpro/libogc/lib/wii/libogc.a(system.o)
                0x0000000080011d24                SYS_GetHollywoodRevision
 .text.SYS_Time
                0x0000000080011d60       0x78 /opt/devkitpro/libogc/lib/wii/libogc.a(system.o)
                0x0000000080011d60                SYS_Time
 .text.__SYS_SetBootTime
                0x0000000080011dd8       0x20 /opt/devkitpro/libogc/lib/wii/libogc.a(system.o)
                0x0000000080011dd8                __SYS_SetBootTime
 .text.SYS_PreMain
                0x0000000080011df8       0x58 /opt/devkitpro/libogc/lib/wii/libogc.a(system.o)
                0x0000000080011df8                SYS_PreMain
 .text.__lwp_cond_init
                0x0000000080011e50       0x14 /opt/devkitpro/libogc/lib/wii/libogc.a(cond.o)
                0x0000000080011e50                __lwp_cond_init
 .text.__decrementer_init
                0x0000000080011e64        0x4 /opt/devkitpro/libogc/lib/wii/libogc.a(decrementer.o)
                0x0000000080011e64                __decrementer_init
 .text.c_decrementer_handler
                0x0000000080011e68        0xc /opt/devkitpro/libogc/lib/wii/libogc.a(decrementer.o)
                0x0000000080011e68                c_decrementer_handler
 .text.__lwp_mqbox_init
                0x0000000080011e74       0x14 /opt/devkitpro/libogc/lib/wii/libogc.a(message.o)
                0x0000000080011e74                __lwp_mqbox_init
 .text.__si_transfer
                0x0000000080011e88      0x160 /opt/devkitpro/libogc/lib/wii/libogc.a(si.o)
 .text.__si_alarmhandler
                0x0000000080011fe8       0xe0 /opt/devkitpro/libogc/lib/wii/libogc.a(si.o)
 .text.__si_completetransfer
                0x00000000800120c8      0x1d4 /opt/devkitpro/libogc/lib/wii/libogc.a(si.o)
 .text.__si_transfernext
                0x000000008001229c       0xe8 /opt/devkitpro/libogc/lib/wii/libogc.a(si.o)
 .text.SI_Busy  0x0000000080012384       0x18 /opt/devkitpro/libogc/lib/wii/libogc.a(si.o)
                0x0000000080012384                SI_Busy
 .text.SI_IsChanBusy
                0x000000008001239c       0x38 /opt/devkitpro/libogc/lib/wii/libogc.a(si.o)
                0x000000008001239c                SI_IsChanBusy
 .text.SI_SetXY
                0x00000000800123d4       0x64 /opt/devkitpro/libogc/lib/wii/libogc.a(si.o)
                0x00000000800123d4                SI_SetXY
 .text.SI_EnablePolling
                0x0000000080012438       0x84 /opt/devkitpro/libogc/lib/wii/libogc.a(si.o)
                0x0000000080012438                SI_EnablePolling
 .text.SI_DisablePolling
                0x00000000800124bc       0x58 /opt/devkitpro/libogc/lib/wii/libogc.a(si.o)
                0x00000000800124bc                SI_DisablePolling
 .text.SI_SetSamplingRate
                0x0000000080012514       0xe4 /opt/devkitpro/libogc/lib/wii/libogc.a(si.o)
                0x0000000080012514                SI_SetSamplingRate
 .text.SI_RefreshSamplingRate
                0x00000000800125f8        0x8 /opt/devkitpro/libogc/lib/wii/libogc.a(si.o)
                0x00000000800125f8                SI_RefreshSamplingRate
 .text.SI_GetStatus
                0x0000000080012600       0x78 /opt/devkitpro/libogc/lib/wii/libogc.a(si.o)
                0x0000000080012600                SI_GetStatus
 .text.SI_GetResponseRaw
                0x0000000080012678       0x80 /opt/devkitpro/libogc/lib/wii/libogc.a(si.o)
                0x0000000080012678                SI_GetResponseRaw
 .text.SI_GetResponse
                0x00000000800126f8       0xb8 /opt/devkitpro/libogc/lib/wii/libogc.a(si.o)
                0x00000000800126f8                SI_GetResponse
 .text.SI_SetCommand
                0x00000000800127b0       0x10 /opt/devkitpro/libogc/lib/wii/libogc.a(si.o)
                0x00000000800127b0                SI_SetCommand
 .text.SI_Transfer
                0x00000000800127c0      0x270 /opt/devkitpro/libogc/lib/wii/libogc.a(si.o)
                0x00000000800127c0                SI_Transfer
 .text.__si_gettypecallback
                0x0000000080012a30      0x2d4 /opt/devkitpro/libogc/lib/wii/libogc.a(si.o)
 .text.__si_interrupthandler
                0x0000000080012d04      0x270 /opt/devkitpro/libogc/lib/wii/libogc.a(si.o)
 .text.SI_GetType
                0x0000000080012f74      0x1d8 /opt/devkitpro/libogc/lib/wii/libogc.a(si.o)
                0x0000000080012f74                SI_GetType
 .text.SI_GetTypeAsync
                0x000000008001314c      0x138 /opt/devkitpro/libogc/lib/wii/libogc.a(si.o)
                0x000000008001314c                SI_GetTypeAsync
 .text.SI_EnablePollingInterrupt
                0x0000000080013284       0xac /opt/devkitpro/libogc/lib/wii/libogc.a(si.o)
                0x0000000080013284                SI_EnablePollingInterrupt
 .text.SI_UnregisterPollingHandler
                0x0000000080013330       0xdc /opt/devkitpro/libogc/lib/wii/libogc.a(si.o)
                0x0000000080013330                SI_UnregisterPollingHandler
 .text.__si_init
                0x000000008001340c       0xf8 /opt/devkitpro/libogc/lib/wii/libogc.a(si.o)
                0x000000008001340c                __si_init
 .text.__ios_ioctlvformat_parse
                0x0000000080013504      0x80c /opt/devkitpro/libogc/lib/wii/libogc.a(ipc.o)
 .text.__ioctlvfmtCB
                0x0000000080013d10      0x15c /opt/devkitpro/libogc/lib/wii/libogc.a(ipc.o)
 .text.__ipc_sendrequest.part.0
                0x0000000080013e6c       0xe4 /opt/devkitpro/libogc/lib/wii/libogc.a(ipc.o)
 .text.__ipc_interrupthandler
                0x0000000080013f50      0x354 /opt/devkitpro/libogc/lib/wii/libogc.a(ipc.o)
 .text.__ipc_syncrequest
                0x00000000800142a4       0xe8 /opt/devkitpro/libogc/lib/wii/libogc.a(ipc.o)
 .text.__ipc_asyncrequest
                0x000000008001438c      0x14c /opt/devkitpro/libogc/lib/wii/libogc.a(ipc.o)
 .text.__IPC_Init.part.2
                0x00000000800144d8       0x3c /opt/devkitpro/libogc/lib/wii/libogc.a(ipc.o)
 .text.iosCreateHeap
                0x0000000080014514      0x130 /opt/devkitpro/libogc/lib/wii/libogc.a(ipc.o)
                0x0000000080014514                iosCreateHeap
 .text.iosAlloc
                0x0000000080014644       0x30 /opt/devkitpro/libogc/lib/wii/libogc.a(ipc.o)
                0x0000000080014644                iosAlloc
 .text.iosFree  0x0000000080014674       0x28 /opt/devkitpro/libogc/lib/wii/libogc.a(ipc.o)
                0x0000000080014674                iosFree
 .text.__IPC_ClntInit
                0x000000008001469c       0xa4 /opt/devkitpro/libogc/lib/wii/libogc.a(ipc.o)
                0x000000008001469c                __IPC_ClntInit
 .text.IOS_Open
                0x0000000080014740      0x110 /opt/devkitpro/libogc/lib/wii/libogc.a(ipc.o)
                0x0000000080014740                IOS_Open
 .text.IOS_Close
                0x0000000080014850       0xf0 /opt/devkitpro/libogc/lib/wii/libogc.a(ipc.o)
                0x0000000080014850                IOS_Close
 .text.IOS_Read
                0x0000000080014940      0x10c /opt/devkitpro/libogc/lib/wii/libogc.a(ipc.o)
                0x0000000080014940                IOS_Read
 .text.IOS_Write
                0x0000000080014a4c      0x10c /opt/devkitpro/libogc/lib/wii/libogc.a(ipc.o)
                0x0000000080014a4c                IOS_Write
 .text.IOS_Ioctl
                0x0000000080014b58      0x158 /opt/devkitpro/libogc/lib/wii/libogc.a(ipc.o)
                0x0000000080014b58                IOS_Ioctl
 .text.IOS_IoctlAsync
                0x0000000080014cb0      0x148 /opt/devkitpro/libogc/lib/wii/libogc.a(ipc.o)
                0x0000000080014cb0                IOS_IoctlAsync
 .text.IOS_Ioctlv
                0x0000000080014df8      0x1ec /opt/devkitpro/libogc/lib/wii/libogc.a(ipc.o)
                0x0000000080014df8                IOS_Ioctlv
 .text.IOS_IoctlvAsync
                0x0000000080014fe4      0x1dc /opt/devkitpro/libogc/lib/wii/libogc.a(ipc.o)
                0x0000000080014fe4                IOS_IoctlvAsync
 .text.IOS_IoctlvFormat
                0x00000000800151c0      0x170 /opt/devkitpro/libogc/lib/wii/libogc.a(ipc.o)
                0x00000000800151c0                IOS_IoctlvFormat
 .text.IOS_IoctlvReboot
                0x0000000080015330      0x1f0 /opt/devkitpro/libogc/lib/wii/libogc.a(ipc.o)
                0x0000000080015330                IOS_IoctlvReboot
 .text.gettick  0x0000000080015520        0x8 /opt/devkitpro/libogc/lib/wii/libogc.a(timesupp.o)
                0x0000000080015520                gettick
 .text.gettime  0x0000000080015528       0x18 /opt/devkitpro/libogc/lib/wii/libogc.a(timesupp.o)
                0x0000000080015528                gettime
 .text.settime  0x0000000080015540       0x14 /opt/devkitpro/libogc/lib/wii/libogc.a(timesupp.o)
                0x0000000080015540                settime
 .text.diff_usec
                0x0000000080015554       0x88 /opt/devkitpro/libogc/lib/wii/libogc.a(timesupp.o)
                0x0000000080015554                diff_usec
 .text.__timesystem_init
                0x00000000800155dc       0x1c /opt/devkitpro/libogc/lib/wii/libogc.a(timesupp.o)
                0x00000000800155dc                __timesystem_init
 .text.udelay   0x00000000800155f8       0xac /opt/devkitpro/libogc/lib/wii/libogc.a(timesupp.o)
                0x00000000800155f8                udelay
 .text.__libogc_nanosleep
                0x00000000800156a4      0x144 /opt/devkitpro/libogc/lib/wii/libogc.a(timesupp.o)
                0x00000000800156a4                __libogc_nanosleep
 .text.__libogc_gettod_r
                0x00000000800157e8       0xd4 /opt/devkitpro/libogc/lib/wii/libogc.a(timesupp.o)
                0x00000000800157e8                __libogc_gettod_r
 .text.__libogc_lock_init
                0x00000000800158bc       0x78 /opt/devkitpro/libogc/lib/wii/libogc.a(lock_supp.o)
                0x00000000800158bc                __libogc_lock_init
 .text.__libogc_lock_close
                0x0000000080015934       0x64 /opt/devkitpro/libogc/lib/wii/libogc.a(lock_supp.o)
                0x0000000080015934                __libogc_lock_close
 .text.__libogc_lock_acquire
                0x0000000080015998       0x20 /opt/devkitpro/libogc/lib/wii/libogc.a(lock_supp.o)
                0x0000000080015998                __libogc_lock_acquire
 .text.__libogc_lock_release
                0x00000000800159b8       0x20 /opt/devkitpro/libogc/lib/wii/libogc.a(lock_supp.o)
                0x00000000800159b8                __libogc_lock_release
 .text.__libc_create_hook
                0x00000000800159d8       0x10 /opt/devkitpro/libogc/lib/wii/libogc.a(newlibc.o)
                0x00000000800159d8                __libc_create_hook
 .text.__libc_start_hook
                0x00000000800159e8       0x9c /opt/devkitpro/libogc/lib/wii/libogc.a(newlibc.o)
                0x00000000800159e8                __libc_start_hook
 .text.__libc_delete_hook
                0x0000000080015a84       0xfc /opt/devkitpro/libogc/lib/wii/libogc.a(newlibc.o)
                0x0000000080015a84                __libc_delete_hook
 .text.__libc_init
                0x0000000080015b80       0xb0 /opt/devkitpro/libogc/lib/wii/libogc.a(newlibc.o)
                0x0000000080015b80                __libc_init
 .text.__usbgecko_exi_unlock
                0x0000000080015c30       0x30 /opt/devkitpro/libogc/lib/wii/libogc.a(usbgecko.o)
 .text.__usb_sendbyte
                0x0000000080015c60       0xc8 /opt/devkitpro/libogc/lib/wii/libogc.a(usbgecko.o)
 .text.__usb_checksend
                0x0000000080015d28       0xc0 /opt/devkitpro/libogc/lib/wii/libogc.a(usbgecko.o)
                0x0000000080015d28                __usb_checksend
 .text.usb_isgeckoalive
                0x0000000080015de8      0x1b8 /opt/devkitpro/libogc/lib/wii/libogc.a(usbgecko.o)
                0x0000000080015de8                usb_isgeckoalive
 .text.usb_sendbuffer_ex
                0x0000000080015fa0      0x190 /opt/devkitpro/libogc/lib/wii/libogc.a(usbgecko.o)
                0x0000000080015fa0                usb_sendbuffer_ex
 .text.usb_sendbuffer
                0x0000000080016130        0x8 /opt/devkitpro/libogc/lib/wii/libogc.a(usbgecko.o)
                0x0000000080016130                usb_sendbuffer
 .text.usb_sendbuffer_safe_ex
                0x0000000080016138      0x1a0 /opt/devkitpro/libogc/lib/wii/libogc.a(usbgecko.o)
                0x0000000080016138                usb_sendbuffer_safe_ex
 .text.usb_sendbuffer_safe
                0x00000000800162d8        0x8 /opt/devkitpro/libogc/lib/wii/libogc.a(usbgecko.o)
                0x00000000800162d8                usb_sendbuffer_safe
 .text.__libogc_sbrk_r
                0x00000000800162e0      0x29c /opt/devkitpro/libogc/lib/wii/libogc.a(sbrk.o)
                0x00000000800162e0                __libogc_sbrk_r
 .text.__memlock_init
                0x000000008001657c       0x7c /opt/devkitpro/libogc/lib/wii/libogc.a(malloc_lock.o)
                0x000000008001657c                __memlock_init
 .text.__libogc_malloc_lock
                0x00000000800165f8      0x1f8 /opt/devkitpro/libogc/lib/wii/libogc.a(malloc_lock.o)
                0x00000000800165f8                __libogc_malloc_lock
 .text.__libogc_malloc_unlock
                0x00000000800167f0       0x64 /opt/devkitpro/libogc/lib/wii/libogc.a(malloc_lock.o)
                0x00000000800167f0                __libogc_malloc_unlock
 .text.__STM_SetEventHook
                0x0000000080016854       0xb0 /opt/devkitpro/libogc/lib/wii/libogc.a(stm.o)
                0x0000000080016854                __STM_SetEventHook
 .text.__STM_Init
                0x0000000080016904       0x94 /opt/devkitpro/libogc/lib/wii/libogc.a(stm.o)
                0x0000000080016904                __STM_Init
 .text.__STMEventHandler
                0x0000000080016998       0x60 /opt/devkitpro/libogc/lib/wii/libogc.a(stm.o)
 .text.__STM_ReleaseEventHook
                0x00000000800169f8       0x80 /opt/devkitpro/libogc/lib/wii/libogc.a(stm.o)
                0x00000000800169f8                __STM_ReleaseEventHook
 .text.__STM_Close
                0x0000000080016a78       0xac /opt/devkitpro/libogc/lib/wii/libogc.a(stm.o)
                0x0000000080016a78                __STM_Close
 .text.STM_RegisterEventHandler
                0x0000000080016b24       0x10 /opt/devkitpro/libogc/lib/wii/libogc.a(stm.o)
                0x0000000080016b24                STM_RegisterEventHandler
 .text.STM_ShutdownToStandby
                0x0000000080016b34       0x50 /opt/devkitpro/libogc/lib/wii/libogc.a(stm.o)
                0x0000000080016b34                STM_ShutdownToStandby
 .text.STM_ShutdownToIdle
                0x0000000080016b84       0x70 /opt/devkitpro/libogc/lib/wii/libogc.a(stm.o)
                0x0000000080016b84                STM_ShutdownToIdle
 .text.STM_SetLedMode
                0x0000000080016bf4       0x40 /opt/devkitpro/libogc/lib/wii/libogc.a(stm.o)
                0x0000000080016bf4                STM_SetLedMode
 .text.STM_RebootSystem
                0x0000000080016c34       0x50 /opt/devkitpro/libogc/lib/wii/libogc.a(stm.o)
                0x0000000080016c34                STM_RebootSystem
 .text.__IOS_InitializeSubsystems
                0x0000000080016c84       0x48 /opt/devkitpro/libogc/lib/wii/libogc.a(ios.o)
                0x0000000080016c84                __IOS_InitializeSubsystems
 .text.__IOS_ShutdownSubsystems
                0x0000000080016ccc       0x48 /opt/devkitpro/libogc/lib/wii/libogc.a(ios.o)
                0x0000000080016ccc                __IOS_ShutdownSubsystems
 .text.__IOS_LoadStartupIOS
                0x0000000080016d14        0x8 /opt/devkitpro/libogc/lib/wii/libogc.a(ios.o)
                0x0000000080016d14                __IOS_LoadStartupIOS
 .text._ES_fillstat
                0x0000000080016d1c       0xe8 /opt/devkitpro/libogc/lib/wii/libogc.a(es.o)
 .text._ES_fstat_r
                0x0000000080016e04       0x8c /opt/devkitpro/libogc/lib/wii/libogc.a(es.o)
 .text.__ES_Close.part.0
                0x0000000080016e90       0x44 /opt/devkitpro/libogc/lib/wii/libogc.a(es.o)
 .text.__ES_Init
                0x0000000080016ed4       0x78 /opt/devkitpro/libogc/lib/wii/libogc.a(es.o)
                0x0000000080016ed4                __ES_Init
 .text.__ES_Close
                0x0000000080016f4c       0x18 /opt/devkitpro/libogc/lib/wii/libogc.a(es.o)
                0x0000000080016f4c                __ES_Close
 .text.ES_GetTitleID
                0x0000000080016f64       0x80 /opt/devkitpro/libogc/lib/wii/libogc.a(es.o)
                0x0000000080016f64                ES_GetTitleID
 .text.ES_LaunchTitle
                0x0000000080016fe4       0xb4 /opt/devkitpro/libogc/lib/wii/libogc.a(es.o)
                0x0000000080016fe4                ES_LaunchTitle
 .text.ES_GetNumTicketViews
                0x0000000080017098       0x84 /opt/devkitpro/libogc/lib/wii/libogc.a(es.o)
                0x0000000080017098                ES_GetNumTicketViews
 .text.ES_GetTicketViews
                0x000000008001711c       0x8c /opt/devkitpro/libogc/lib/wii/libogc.a(es.o)
                0x000000008001711c                ES_GetTicketViews
 .text.ES_GetStoredTMDSize
                0x00000000800171a8       0x84 /opt/devkitpro/libogc/lib/wii/libogc.a(es.o)
                0x00000000800171a8                ES_GetStoredTMDSize
 .text.ES_GetStoredTMD
                0x000000008001722c       0x90 /opt/devkitpro/libogc/lib/wii/libogc.a(es.o)
                0x000000008001722c                ES_GetStoredTMD
 .text._ES_decodepath
                0x00000000800172bc      0x394 /opt/devkitpro/libogc/lib/wii/libogc.a(es.o)
 .text._ES_stat_r
                0x0000000080017650       0x5c /opt/devkitpro/libogc/lib/wii/libogc.a(es.o)
 .text.ES_OpenContent
                0x00000000800176ac       0x30 /opt/devkitpro/libogc/lib/wii/libogc.a(es.o)
                0x00000000800176ac                ES_OpenContent
 .text.ES_OpenTitleContent
                0x00000000800176dc       0x70 /opt/devkitpro/libogc/lib/wii/libogc.a(es.o)
                0x00000000800176dc                ES_OpenTitleContent
 .text._ES_open_r
                0x000000008001774c      0x13c /opt/devkitpro/libogc/lib/wii/libogc.a(es.o)
 .text.ES_ReadContent
                0x0000000080017888       0x6c /opt/devkitpro/libogc/lib/wii/libogc.a(es.o)
                0x0000000080017888                ES_ReadContent
 .text._ES_read_r
                0x00000000800178f4      0x1c8 /opt/devkitpro/libogc/lib/wii/libogc.a(es.o)
 .text.ES_SeekContent
                0x0000000080017abc       0x4c /opt/devkitpro/libogc/lib/wii/libogc.a(es.o)
                0x0000000080017abc                ES_SeekContent
 .text._ES_seek_r
                0x0000000080017b08       0xb8 /opt/devkitpro/libogc/lib/wii/libogc.a(es.o)
 .text.ES_CloseContent
                0x0000000080017bc0       0x40 /opt/devkitpro/libogc/lib/wii/libogc.a(es.o)
                0x0000000080017bc0                ES_CloseContent
 .text._ES_close_r
                0x0000000080017c00       0x8c /opt/devkitpro/libogc/lib/wii/libogc.a(es.o)
 .text.__gcsda_clearStatus
                0x0000000080017c8c        0x8 /opt/devkitpro/libogc/lib/wii/libogc.a(gcsd.o)
 .text.__gcsda_shutdown
                0x0000000080017c94       0x28 /opt/devkitpro/libogc/lib/wii/libogc.a(gcsd.o)
 .text.__gcsdb_shutdown
                0x0000000080017cbc       0x28 /opt/devkitpro/libogc/lib/wii/libogc.a(gcsd.o)
 .text.__gcsda_writeSectors
                0x0000000080017ce4       0x38 /opt/devkitpro/libogc/lib/wii/libogc.a(gcsd.o)
 .text.__gcsdb_writeSectors
                0x0000000080017d1c       0x38 /opt/devkitpro/libogc/lib/wii/libogc.a(gcsd.o)
 .text.__gcsda_readSectors
                0x0000000080017d54       0x38 /opt/devkitpro/libogc/lib/wii/libogc.a(gcsd.o)
 .text.__gcsdb_readSectors
                0x0000000080017d8c       0x38 /opt/devkitpro/libogc/lib/wii/libogc.a(gcsd.o)
 .text.__gcsda_isInserted
                0x0000000080017dc4       0x30 /opt/devkitpro/libogc/lib/wii/libogc.a(gcsd.o)
 .text.__gcsdb_isInserted
                0x0000000080017df4       0x30 /opt/devkitpro/libogc/lib/wii/libogc.a(gcsd.o)
 .text.__gcsd_startup
                0x0000000080017e24       0x78 /opt/devkitpro/libogc/lib/wii/libogc.a(gcsd.o)
 .text.__gcsda_startup
                0x0000000080017e9c        0x8 /opt/devkitpro/libogc/lib/wii/libogc.a(gcsd.o)
 .text.__gcsdb_startup
                0x0000000080017ea4        0x8 /opt/devkitpro/libogc/lib/wii/libogc.a(gcsd.o)
 .text.__gcsdb_clearStatus
                0x0000000080017eac        0x8 /opt/devkitpro/libogc/lib/wii/libogc.a(gcsd.o)
 .text.__CheckARGV
                0x0000000080017eb4       0x80 /opt/devkitpro/libogc/lib/wii/libogc.a(argv.o)
                0x0000000080017eb4                __CheckARGV
 .text.sdio_ClearStatus
                0x0000000080017f34        0x8 /opt/devkitpro/libogc/lib/wii/libogc.a(wiisd.o)
 .text.__sdio_sendcommand
                0x0000000080017f3c      0x140 /opt/devkitpro/libogc/lib/wii/libogc.a(wiisd.o)
 .text.__sd0_select
                0x000000008001807c       0x48 /opt/devkitpro/libogc/lib/wii/libogc.a(wiisd.o)
 .text.__sd0_deselect
                0x00000000800180c4       0x44 /opt/devkitpro/libogc/lib/wii/libogc.a(wiisd.o)
 .text.__sdio_getstatus
                0x0000000080018108       0x54 /opt/devkitpro/libogc/lib/wii/libogc.a(wiisd.o)
 .text.sdio_IsInserted
                0x000000008001815c       0x24 /opt/devkitpro/libogc/lib/wii/libogc.a(wiisd.o)
 .text.__sdio_gethcr
                0x0000000080018180       0x8c /opt/devkitpro/libogc/lib/wii/libogc.a(wiisd.o)
 .text.__sdio_sethcr
                0x000000008001820c       0x60 /opt/devkitpro/libogc/lib/wii/libogc.a(wiisd.o)
 .text.__sdio_waithcr
                0x000000008001826c       0xdc /opt/devkitpro/libogc/lib/wii/libogc.a(wiisd.o)
 .text.sdio_Shutdown
                0x0000000080018348       0x74 /opt/devkitpro/libogc/lib/wii/libogc.a(wiisd.o)
 .text.sdio_WriteSectors
                0x00000000800183bc      0x174 /opt/devkitpro/libogc/lib/wii/libogc.a(wiisd.o)
 .text.sdio_ReadSectors
                0x0000000080018530      0x174 /opt/devkitpro/libogc/lib/wii/libogc.a(wiisd.o)
 .text.sdio_Startup
                0x00000000800186a4      0x5a0 /opt/devkitpro/libogc/lib/wii/libogc.a(wiisd.o)
 .text.CONF_Init
                0x0000000080018c44      0x150 /opt/devkitpro/libogc/lib/wii/libogc.a(conf.o)
                0x0000000080018c44                CONF_Init
 .text.__CONF_GetTxt
                0x0000000080018d94      0x1a0 /opt/devkitpro/libogc/lib/wii/libogc.a(conf.o)
                0x0000000080018d94                __CONF_GetTxt
 .text.__CONF_Find
                0x0000000080018f34       0xfc /opt/devkitpro/libogc/lib/wii/libogc.a(conf.o)
                0x0000000080018f34                __CONF_Find
 .text.CONF_GetLength
                0x0000000080019030      0x12c /opt/devkitpro/libogc/lib/wii/libogc.a(conf.o)
                0x0000000080019030                CONF_GetLength
 .text.CONF_Get
                0x000000008001915c      0x134 /opt/devkitpro/libogc/lib/wii/libogc.a(conf.o)
                0x000000008001915c                CONF_Get
 .text.CONF_GetShutdownMode
                0x0000000080019290       0x54 /opt/devkitpro/libogc/lib/wii/libogc.a(conf.o)
                0x0000000080019290                CONF_GetShutdownMode
 .text.CONF_GetIdleLedMode
                0x00000000800192e4       0x54 /opt/devkitpro/libogc/lib/wii/libogc.a(conf.o)
                0x00000000800192e4                CONF_GetIdleLedMode
 .text.CONF_GetProgressiveScan
                0x0000000080019338       0x54 /opt/devkitpro/libogc/lib/wii/libogc.a(conf.o)
                0x0000000080019338                CONF_GetProgressiveScan
 .text.CONF_GetEuRGB60
                0x000000008001938c       0x54 /opt/devkitpro/libogc/lib/wii/libogc.a(conf.o)
                0x000000008001938c                CONF_GetEuRGB60
 .text.CONF_GetCounterBias
                0x00000000800193e0       0x4c /opt/devkitpro/libogc/lib/wii/libogc.a(conf.o)
                0x00000000800193e0                CONF_GetCounterBias
 .text.CONF_GetDisplayOffsetH
                0x000000008001942c       0x4c /opt/devkitpro/libogc/lib/wii/libogc.a(conf.o)
                0x000000008001942c                CONF_GetDisplayOffsetH
 .text.CONF_GetVideo
                0x0000000080019478       0x98 /opt/devkitpro/libogc/lib/wii/libogc.a(conf.o)
                0x0000000080019478                CONF_GetVideo
 .text.__usb_deviceremoved_cb
                0x0000000080019510       0x10 /opt/devkitpro/libogc/lib/wii/libogc.a(usbstorage.o)
 .text.__usbstorage_ClearStatus
                0x0000000080019520        0x8 /opt/devkitpro/libogc/lib/wii/libogc.a(usbstorage.o)
 .text.__usb_blkmsg_cb
                0x0000000080019528       0x34 /opt/devkitpro/libogc/lib/wii/libogc.a(usbstorage.o)
 .text.__usb_timeouthandler
                0x000000008001955c       0x10 /opt/devkitpro/libogc/lib/wii/libogc.a(usbstorage.o)
 .text.__USB_CtrlMsgTimeout.part.0
                0x000000008001956c       0x74 /opt/devkitpro/libogc/lib/wii/libogc.a(usbstorage.o)
 .text.__USB_BlkMsgTimeout
                0x00000000800195e0       0xf0 /opt/devkitpro/libogc/lib/wii/libogc.a(usbstorage.o)
 .text.__send_cbw
                0x00000000800196d0      0x188 /opt/devkitpro/libogc/lib/wii/libogc.a(usbstorage.o)
 .text.__read_csw
                0x0000000080019858      0x110 /opt/devkitpro/libogc/lib/wii/libogc.a(usbstorage.o)
 .text.USBStorage_Initialize.part.2
                0x0000000080019968       0xfc /opt/devkitpro/libogc/lib/wii/libogc.a(usbstorage.o)
 .text.__usbstorage_Startup
                0x0000000080019a64       0x5c /opt/devkitpro/libogc/lib/wii/libogc.a(usbstorage.o)
 .text.__usbstorage_reset
                0x0000000080019ac0       0xc8 /opt/devkitpro/libogc/lib/wii/libogc.a(usbstorage.o)
 .text.__cycle.constprop.6
                0x0000000080019b88      0x2ac /opt/devkitpro/libogc/lib/wii/libogc.a(usbstorage.o)
 .text.__usbstorage_clearerrors
                0x0000000080019e34      0x11c /opt/devkitpro/libogc/lib/wii/libogc.a(usbstorage.o)
 .text.USBStorage_Close
                0x0000000080019f50       0xa8 /opt/devkitpro/libogc/lib/wii/libogc.a(usbstorage.o)
                0x0000000080019f50                USBStorage_Close
 .text.__usbstorage_Shutdown
                0x0000000080019ff8       0x4c /opt/devkitpro/libogc/lib/wii/libogc.a(usbstorage.o)
 .text.USBStorage_Reset
                0x000000008001a044       0x50 /opt/devkitpro/libogc/lib/wii/libogc.a(usbstorage.o)
                0x000000008001a044                USBStorage_Reset
 .text.USBStorage_Open
                0x000000008001a094      0x440 /opt/devkitpro/libogc/lib/wii/libogc.a(usbstorage.o)
                0x000000008001a094                USBStorage_Open
 .text.USBStorage_Inquiry
                0x000000008001a4d4       0xc8 /opt/devkitpro/libogc/lib/wii/libogc.a(usbstorage.o)
                0x000000008001a4d4                USBStorage_Inquiry
 .text.USBStorage_ReadCapacity
                0x000000008001a59c       0x9c /opt/devkitpro/libogc/lib/wii/libogc.a(usbstorage.o)
                0x000000008001a59c                USBStorage_ReadCapacity
 .text.USBStorage_MountLUN
                0x000000008001a638       0xd8 /opt/devkitpro/libogc/lib/wii/libogc.a(usbstorage.o)
                0x000000008001a638                USBStorage_MountLUN
 .text.__usbstorage_IsInserted
                0x000000008001a710      0x344 /opt/devkitpro/libogc/lib/wii/libogc.a(usbstorage.o)
 .text.USBStorage_Read
                0x000000008001aa54      0x154 /opt/devkitpro/libogc/lib/wii/libogc.a(usbstorage.o)
                0x000000008001aa54                USBStorage_Read
 .text.__usbstorage_ReadSectors
                0x000000008001aba8       0x5c /opt/devkitpro/libogc/lib/wii/libogc.a(usbstorage.o)
 .text.USBStorage_Write
                0x000000008001ac04      0x154 /opt/devkitpro/libogc/lib/wii/libogc.a(usbstorage.o)
                0x000000008001ac04                USBStorage_Write
 .text.__usbstorage_WriteSectors
                0x000000008001ad58       0x5c /opt/devkitpro/libogc/lib/wii/libogc.a(usbstorage.o)
 .text.__WII_WriteNANDBootInfo
                0x000000008001adb4       0x9c /opt/devkitpro/libogc/lib/wii/libogc.a(wiilaunch.o)
 .text.__WII_WriteStateFlags
                0x000000008001ae50       0xb4 /opt/devkitpro/libogc/lib/wii/libogc.a(wiilaunch.o)
 .text.WII_Initialize
                0x000000008001af04      0x178 /opt/devkitpro/libogc/lib/wii/libogc.a(wiilaunch.o)
                0x000000008001af04                WII_Initialize
 .text.WII_LaunchTitle
                0x000000008001b07c      0x184 /opt/devkitpro/libogc/lib/wii/libogc.a(wiilaunch.o)
                0x000000008001b07c                WII_LaunchTitle
 .text.WII_ReturnToMenu
                0x000000008001b200       0x58 /opt/devkitpro/libogc/lib/wii/libogc.a(wiilaunch.o)
                0x000000008001b200                WII_ReturnToMenu
 .text.__lwp_priority_init
                0x000000008001b258       0x24 /opt/devkitpro/libogc/lib/wii/libogc.a(lwp_priority.o)
                0x000000008001b258                __lwp_priority_init
 .text.__lwp_queue_initialize
                0x000000008001b27c       0x60 /opt/devkitpro/libogc/lib/wii/libogc.a(lwp_queue.o)
                0x000000008001b27c                __lwp_queue_initialize
 .text.__lwp_queue_get
                0x000000008001b2dc       0x74 /opt/devkitpro/libogc/lib/wii/libogc.a(lwp_queue.o)
                0x000000008001b2dc                __lwp_queue_get
 .text.__lwp_queue_append
                0x000000008001b350       0x4c /opt/devkitpro/libogc/lib/wii/libogc.a(lwp_queue.o)
                0x000000008001b350                __lwp_queue_append
 .text.__lwp_threadqueue_enqueuefifo
                0x000000008001b39c      0x144 /opt/devkitpro/libogc/lib/wii/libogc.a(lwp_threadq.o)
                0x000000008001b39c                __lwp_threadqueue_enqueuefifo
 .text.__lwp_threadqueue_dequeuefifo
                0x000000008001b4e0      0x14c /opt/devkitpro/libogc/lib/wii/libogc.a(lwp_threadq.o)
                0x000000008001b4e0                __lwp_threadqueue_dequeuefifo
 .text.__lwp_threadqueue_enqueuepriority
                0x000000008001b62c      0x3e0 /opt/devkitpro/libogc/lib/wii/libogc.a(lwp_threadq.o)
                0x000000008001b62c                __lwp_threadqueue_enqueuepriority
 .text.__lwp_threadqueue_dequeuepriority
                0x000000008001ba0c      0x1d8 /opt/devkitpro/libogc/lib/wii/libogc.a(lwp_threadq.o)
                0x000000008001ba0c                __lwp_threadqueue_dequeuepriority
 .text.__lwp_threadqueue_init
                0x000000008001bbe4       0x64 /opt/devkitpro/libogc/lib/wii/libogc.a(lwp_threadq.o)
                0x000000008001bbe4                __lwp_threadqueue_init
 .text.__lwp_threadqueue_enqueue
                0x000000008001bc48      0x138 /opt/devkitpro/libogc/lib/wii/libogc.a(lwp_threadq.o)
                0x000000008001bc48                __lwp_threadqueue_enqueue
 .text.__lwp_threadqueue_dequeue
                0x000000008001bd80       0x24 /opt/devkitpro/libogc/lib/wii/libogc.a(lwp_threadq.o)
                0x000000008001bd80                __lwp_threadqueue_dequeue
 .text.__lwp_threadqueue_flush
                0x000000008001bda4       0x4c /opt/devkitpro/libogc/lib/wii/libogc.a(lwp_threadq.o)
                0x000000008001bda4                __lwp_threadqueue_flush
 .text.__lwp_threadqueue_extractfifo
                0x000000008001bdf0       0xe8 /opt/devkitpro/libogc/lib/wii/libogc.a(lwp_threadq.o)
                0x000000008001bdf0                __lwp_threadqueue_extractfifo
 .text.__lwp_threadqueue_extractpriority
                0x000000008001bed8      0x140 /opt/devkitpro/libogc/lib/wii/libogc.a(lwp_threadq.o)
                0x000000008001bed8                __lwp_threadqueue_extractpriority
 .text.__lwp_threadqueue_extract
                0x000000008001c018       0x1c /opt/devkitpro/libogc/lib/wii/libogc.a(lwp_threadq.o)
                0x000000008001c018                __lwp_threadqueue_extract
 .text.__lwp_threadqueue_timeout
                0x000000008001c034       0x88 /opt/devkitpro/libogc/lib/wii/libogc.a(lwp_threadq.o)
 .text.__lwp_threadqueue_extractproxy
                0x000000008001c0bc       0x44 /opt/devkitpro/libogc/lib/wii/libogc.a(lwp_threadq.o)
                0x000000008001c0bc                __lwp_threadqueue_extractproxy
 .text.idle_func
                0x000000008001c100        0x4 /opt/devkitpro/libogc/lib/wii/libogc.a(lwp.o)
 .text.__lwp_sysinit
                0x000000008001c104      0x118 /opt/devkitpro/libogc/lib/wii/libogc.a(lwp.o)
                0x000000008001c104                __lwp_sysinit
 .text.LWP_InitQueue
                0x000000008001c21c      0x150 /opt/devkitpro/libogc/lib/wii/libogc.a(lwp.o)
                0x000000008001c21c                LWP_InitQueue
 .text.LWP_CloseQueue
                0x000000008001c36c       0xd4 /opt/devkitpro/libogc/lib/wii/libogc.a(lwp.o)
                0x000000008001c36c                LWP_CloseQueue
 .text.LWP_ThreadSleep
                0x000000008001c440      0x110 /opt/devkitpro/libogc/lib/wii/libogc.a(lwp.o)
                0x000000008001c440                LWP_ThreadSleep
 .text.LWP_ThreadBroadcast
                0x000000008001c550       0x88 /opt/devkitpro/libogc/lib/wii/libogc.a(lwp.o)
                0x000000008001c550                LWP_ThreadBroadcast
 .text.LWP_ThreadSignal
                0x000000008001c5d8       0x74 /opt/devkitpro/libogc/lib/wii/libogc.a(lwp.o)
                0x000000008001c5d8                LWP_ThreadSignal
 .text.__lwp_mutex_initialize
                0x000000008001c64c       0xa4 /opt/devkitpro/libogc/lib/wii/libogc.a(lwp_mutex.o)
                0x000000008001c64c                __lwp_mutex_initialize
 .text.__lwp_mutex_surrender
                0x000000008001c6f0      0x174 /opt/devkitpro/libogc/lib/wii/libogc.a(lwp_mutex.o)
                0x000000008001c6f0                __lwp_mutex_surrender
 .text.__lwp_mutex_seize_irq_blocking
                0x000000008001c864      0x104 /opt/devkitpro/libogc/lib/wii/libogc.a(lwp_mutex.o)
                0x000000008001c864                __lwp_mutex_seize_irq_blocking
 .text.__lwp_mutex_flush
                0x000000008001c968        0x4 /opt/devkitpro/libogc/lib/wii/libogc.a(lwp_mutex.o)
                0x000000008001c968                __lwp_mutex_flush
 .text.__exception_load
                0x000000008001c96c       0xa4 /opt/devkitpro/libogc/lib/wii/libogc.a(exception.o)
                0x000000008001c96c                __exception_load
 .text.__systemcall_init
                0x000000008001ca10       0x20 /opt/devkitpro/libogc/lib/wii/libogc.a(exception.o)
                0x000000008001ca10                __systemcall_init
 .text.__exception_init
                0x000000008001ca30       0xd8 /opt/devkitpro/libogc/lib/wii/libogc.a(exception.o)
                0x000000008001ca30                __exception_init
 .text.__exception_close
                0x000000008001cb08       0xac /opt/devkitpro/libogc/lib/wii/libogc.a(exception.o)
                0x000000008001cb08                __exception_close
 .text.__exception_closeall
                0x000000008001cbb4       0x54 /opt/devkitpro/libogc/lib/wii/libogc.a(exception.o)
                0x000000008001cbb4                __exception_closeall
 .text.c_default_exceptionhandler
                0x000000008001cc08      0x448 /opt/devkitpro/libogc/lib/wii/libogc.a(exception.o)
                0x000000008001cc08                c_default_exceptionhandler
 .text.__SetInterrupts
                0x000000008001d050      0x298 /opt/devkitpro/libogc/lib/wii/libogc.a(irq.o)
 .text.c_irqdispatcher
                0x000000008001d2e8      0x27c /opt/devkitpro/libogc/lib/wii/libogc.a(irq.o)
                0x000000008001d2e8                c_irqdispatcher
 .text.__UnmaskIrq
                0x000000008001d564       0x84 /opt/devkitpro/libogc/lib/wii/libogc.a(irq.o)
                0x000000008001d564                __UnmaskIrq
 .text.__MaskIrq
                0x000000008001d5e8       0x84 /opt/devkitpro/libogc/lib/wii/libogc.a(irq.o)
                0x000000008001d5e8                __MaskIrq
 .text.__irq_init
                0x000000008001d66c       0x9c /opt/devkitpro/libogc/lib/wii/libogc.a(irq.o)
                0x000000008001d66c                __irq_init
 .text.IRQ_Request
                0x000000008001d708       0x50 /opt/devkitpro/libogc/lib/wii/libogc.a(irq.o)
                0x000000008001d708                IRQ_Request
 .text.IRQ_GetHandler
                0x000000008001d758       0x44 /opt/devkitpro/libogc/lib/wii/libogc.a(irq.o)
                0x000000008001d758                IRQ_GetHandler
 .text.__lwp_sema_init
                0x000000008001d79c       0x14 /opt/devkitpro/libogc/lib/wii/libogc.a(semaphore.o)
                0x000000008001d79c                __lwp_sema_init
 .text.SPEC0_MakeStatus
                0x000000008001d7b0      0x104 /opt/devkitpro/libogc/lib/wii/libogc.a(pad.o)
 .text.SPEC1_MakeStatus
                0x000000008001d8b4      0x104 /opt/devkitpro/libogc/lib/wii/libogc.a(pad.o)
 .text.SPEC2_MakeStatus
                0x000000008001d9b8      0x254 /opt/devkitpro/libogc/lib/wii/libogc.a(pad.o)
 .text.__pad_samplinghandler
                0x000000008001dc0c        0x4 /opt/devkitpro/libogc/lib/wii/libogc.a(pad.o)
 .text.__pad_doreset
                0x000000008001dc10       0x50 /opt/devkitpro/libogc/lib/wii/libogc.a(pad.o)
 .text.__pad_updateorigin
                0x000000008001dc60       0xa0 /opt/devkitpro/libogc/lib/wii/libogc.a(pad.o)
 .text.__pad_disable
                0x000000008001dd00       0xc0 /opt/devkitpro/libogc/lib/wii/libogc.a(pad.o)
 .text.__pad_enable
                0x000000008001ddc0       0x5c /opt/devkitpro/libogc/lib/wii/libogc.a(pad.o)
 .text.__pad_typeandstatuscallback
                0x000000008001de1c      0x164 /opt/devkitpro/libogc/lib/wii/libogc.a(pad.o)
 .text.__pad_probecallback
                0x000000008001df80       0x48 /opt/devkitpro/libogc/lib/wii/libogc.a(pad.o)
 .text.__pad_origincallback
                0x000000008001dfc8       0x38 /opt/devkitpro/libogc/lib/wii/libogc.a(pad.o)
 .text.__pad_originupdatecallback
                0x000000008001e000       0x78 /opt/devkitpro/libogc/lib/wii/libogc.a(pad.o)
 .text.__pad_receivecheckcallback
                0x000000008001e078       0x88 /opt/devkitpro/libogc/lib/wii/libogc.a(pad.o)
 .text.PAD_SetSpec.part.3
                0x000000008001e100       0x54 /opt/devkitpro/libogc/lib/wii/libogc.a(pad.o)
 .text.__pad_onreset
                0x000000008001e154      0x108 /opt/devkitpro/libogc/lib/wii/libogc.a(pad.o)
 .text.__PADDisableRecalibration
                0x000000008001e25c       0x58 /opt/devkitpro/libogc/lib/wii/libogc.a(pad.o)
                0x000000008001e25c                __PADDisableRecalibration
 .text.PAD_Reset
                0x000000008001e2b4       0xf0 /opt/devkitpro/libogc/lib/wii/libogc.a(pad.o)
                0x000000008001e2b4                PAD_Reset
 .text.PAD_Read
                0x000000008001e3a4      0x2fc /opt/devkitpro/libogc/lib/wii/libogc.a(pad.o)
                0x000000008001e3a4                PAD_Read
 .text.PAD_Init
                0x000000008001e6a0       0xd0 /opt/devkitpro/libogc/lib/wii/libogc.a(pad.o)
                0x000000008001e6a0                PAD_Init
 .text.PAD_ScanPads
                0x000000008001e770      0x154 /opt/devkitpro/libogc/lib/wii/libogc.a(pad.o)
                0x000000008001e770                PAD_ScanPads
 .text.PAD_ButtonsDown
                0x000000008001e8c4       0x38 /opt/devkitpro/libogc/lib/wii/libogc.a(pad.o)
                0x000000008001e8c4                PAD_ButtonsDown
 .text.__exi_irq_handler
                0x000000008001e8fc       0x58 /opt/devkitpro/libogc/lib/wii/libogc.a(exi.o)
 .text.__ext_irq_handler
                0x000000008001e954       0xc8 /opt/devkitpro/libogc/lib/wii/libogc.a(exi.o)
 .text.__tc_irq_handler
                0x000000008001ea1c      0x140 /opt/devkitpro/libogc/lib/wii/libogc.a(exi.o)
 .text.__exi_probe
                0x000000008001eb5c      0x1fc /opt/devkitpro/libogc/lib/wii/libogc.a(exi.o)
 .text.__exi_attach
                0x000000008001ed58       0xf8 /opt/devkitpro/libogc/lib/wii/libogc.a(exi.o)
 .text.EXI_Lock
                0x000000008001ee50      0x218 /opt/devkitpro/libogc/lib/wii/libogc.a(exi.o)
                0x000000008001ee50                EXI_Lock
 .text.EXI_Unlock
                0x000000008001f068      0x228 /opt/devkitpro/libogc/lib/wii/libogc.a(exi.o)
                0x000000008001f068                EXI_Unlock
 .text.EXI_Select
                0x000000008001f290      0x248 /opt/devkitpro/libogc/lib/wii/libogc.a(exi.o)
                0x000000008001f290                EXI_Select
 .text.EXI_Deselect
                0x000000008001f4d8      0x174 /opt/devkitpro/libogc/lib/wii/libogc.a(exi.o)
                0x000000008001f4d8                EXI_Deselect
 .text.EXI_Sync
                0x000000008001f64c       0xd8 /opt/devkitpro/libogc/lib/wii/libogc.a(exi.o)
                0x000000008001f64c                EXI_Sync